Archive member included to satisfy reference by file (symbol)

c:/ac6/systemworkbench/plugins/fr.ac6.mcu.externaltools.arm-none.win32_1.15.0.201708311556/tools/compiler/bin/../lib/gcc/arm-none-eabi/6.3.1/../../../../arm-none-eabi/lib/thumb/v7e-m/fpv4-sp/hard\libm.a(lib_a-s_trunc.o)
                              DataLog/User/datalog_application.o (trunc)
c:/ac6/systemworkbench/plugins/fr.ac6.mcu.externaltools.arm-none.win32_1.15.0.201708311556/tools/compiler/bin/../lib/gcc/arm-none-eabi/6.3.1/../../../../arm-none-eabi/lib/thumb/v7e-m/fpv4-sp/hard\libm.a(lib_a-w_pow.o)
                              DataLog/User/datalog_application.o (pow)
c:/ac6/systemworkbench/plugins/fr.ac6.mcu.externaltools.arm-none.win32_1.15.0.201708311556/tools/compiler/bin/../lib/gcc/arm-none-eabi/6.3.1/../../../../arm-none-eabi/lib/thumb/v7e-m/fpv4-sp/hard\libm.a(lib_a-e_pow.o)
                              c:/ac6/systemworkbench/plugins/fr.ac6.mcu.externaltools.arm-none.win32_1.15.0.201708311556/tools/compiler/bin/../lib/gcc/arm-none-eabi/6.3.1/../../../../arm-none-eabi/lib/thumb/v7e-m/fpv4-sp/hard\libm.a(lib_a-w_pow.o) (__ieee754_pow)
c:/ac6/systemworkbench/plugins/fr.ac6.mcu.externaltools.arm-none.win32_1.15.0.201708311556/tools/compiler/bin/../lib/gcc/arm-none-eabi/6.3.1/../../../../arm-none-eabi/lib/thumb/v7e-m/fpv4-sp/hard\libm.a(lib_a-e_sqrt.o)
                              c:/ac6/systemworkbench/plugins/fr.ac6.mcu.externaltools.arm-none.win32_1.15.0.201708311556/tools/compiler/bin/../lib/gcc/arm-none-eabi/6.3.1/../../../../arm-none-eabi/lib/thumb/v7e-m/fpv4-sp/hard\libm.a(lib_a-e_pow.o) (__ieee754_sqrt)
c:/ac6/systemworkbench/plugins/fr.ac6.mcu.externaltools.arm-none.win32_1.15.0.201708311556/tools/compiler/bin/../lib/gcc/arm-none-eabi/6.3.1/../../../../arm-none-eabi/lib/thumb/v7e-m/fpv4-sp/hard\libm.a(lib_a-s_fabs.o)
                              c:/ac6/systemworkbench/plugins/fr.ac6.mcu.externaltools.arm-none.win32_1.15.0.201708311556/tools/compiler/bin/../lib/gcc/arm-none-eabi/6.3.1/../../../../arm-none-eabi/lib/thumb/v7e-m/fpv4-sp/hard\libm.a(lib_a-e_pow.o) (fabs)
c:/ac6/systemworkbench/plugins/fr.ac6.mcu.externaltools.arm-none.win32_1.15.0.201708311556/tools/compiler/bin/../lib/gcc/arm-none-eabi/6.3.1/../../../../arm-none-eabi/lib/thumb/v7e-m/fpv4-sp/hard\libm.a(lib_a-s_finite.o)
                              c:/ac6/systemworkbench/plugins/fr.ac6.mcu.externaltools.arm-none.win32_1.15.0.201708311556/tools/compiler/bin/../lib/gcc/arm-none-eabi/6.3.1/../../../../arm-none-eabi/lib/thumb/v7e-m/fpv4-sp/hard\libm.a(lib_a-w_pow.o) (finite)
c:/ac6/systemworkbench/plugins/fr.ac6.mcu.externaltools.arm-none.win32_1.15.0.201708311556/tools/compiler/bin/../lib/gcc/arm-none-eabi/6.3.1/../../../../arm-none-eabi/lib/thumb/v7e-m/fpv4-sp/hard\libm.a(lib_a-s_lib_ver.o)
                              c:/ac6/systemworkbench/plugins/fr.ac6.mcu.externaltools.arm-none.win32_1.15.0.201708311556/tools/compiler/bin/../lib/gcc/arm-none-eabi/6.3.1/../../../../arm-none-eabi/lib/thumb/v7e-m/fpv4-sp/hard\libm.a(lib_a-w_pow.o) (__fdlib_version)
c:/ac6/systemworkbench/plugins/fr.ac6.mcu.externaltools.arm-none.win32_1.15.0.201708311556/tools/compiler/bin/../lib/gcc/arm-none-eabi/6.3.1/../../../../arm-none-eabi/lib/thumb/v7e-m/fpv4-sp/hard\libm.a(lib_a-s_matherr.o)
                              c:/ac6/systemworkbench/plugins/fr.ac6.mcu.externaltools.arm-none.win32_1.15.0.201708311556/tools/compiler/bin/../lib/gcc/arm-none-eabi/6.3.1/../../../../arm-none-eabi/lib/thumb/v7e-m/fpv4-sp/hard\libm.a(lib_a-w_pow.o) (matherr)
c:/ac6/systemworkbench/plugins/fr.ac6.mcu.externaltools.arm-none.win32_1.15.0.201708311556/tools/compiler/bin/../lib/gcc/arm-none-eabi/6.3.1/../../../../arm-none-eabi/lib/thumb/v7e-m/fpv4-sp/hard\libm.a(lib_a-s_nan.o)
                              c:/ac6/systemworkbench/plugins/fr.ac6.mcu.externaltools.arm-none.win32_1.15.0.201708311556/tools/compiler/bin/../lib/gcc/arm-none-eabi/6.3.1/../../../../arm-none-eabi/lib/thumb/v7e-m/fpv4-sp/hard\libm.a(lib_a-e_pow.o) (nan)
c:/ac6/systemworkbench/plugins/fr.ac6.mcu.externaltools.arm-none.win32_1.15.0.201708311556/tools/compiler/bin/../lib/gcc/arm-none-eabi/6.3.1/../../../../arm-none-eabi/lib/thumb/v7e-m/fpv4-sp/hard\libm.a(lib_a-s_rint.o)
                              c:/ac6/systemworkbench/plugins/fr.ac6.mcu.externaltools.arm-none.win32_1.15.0.201708311556/tools/compiler/bin/../lib/gcc/arm-none-eabi/6.3.1/../../../../arm-none-eabi/lib/thumb/v7e-m/fpv4-sp/hard\libm.a(lib_a-w_pow.o) (rint)
c:/ac6/systemworkbench/plugins/fr.ac6.mcu.externaltools.arm-none.win32_1.15.0.201708311556/tools/compiler/bin/../lib/gcc/arm-none-eabi/6.3.1/../../../../arm-none-eabi/lib/thumb/v7e-m/fpv4-sp/hard\libm.a(lib_a-s_scalbn.o)
                              c:/ac6/systemworkbench/plugins/fr.ac6.mcu.externaltools.arm-none.win32_1.15.0.201708311556/tools/compiler/bin/../lib/gcc/arm-none-eabi/6.3.1/../../../../arm-none-eabi/lib/thumb/v7e-m/fpv4-sp/hard\libm.a(lib_a-e_pow.o) (scalbn)
[...]
Memory Configuration

Name             Origin             Length             Attributes
FLASH            0x08004000         0x00040000         xr
RAM              0x20000000         0x00018000         xrw
SRAM2            0x10000000         0x00008000         xrw
*default*        0x00000000         0xffffffff

Linker script and memory map

LOAD c:/ac6/systemworkbench/plugins/fr.ac6.mcu.externaltools.arm-none.win32_1.15.0.201708311556/tools/compiler/bin/../lib/gcc/arm-none-eabi/6.3.1/thumb/v7e-m/fpv4-sp/hard/crti.o
LOAD c:/ac6/systemworkbench/plugins/fr.ac6.mcu.externaltools.arm-none.win32_1.15.0.201708311556/tools/compiler/bin/../lib/gcc/arm-none-eabi/6.3.1/thumb/v7e-m/fpv4-sp/hard/crtbegin.o
LOAD c:/ac6/systemworkbench/plugins/fr.ac6.mcu.externaltools.arm-none.win32_1.15.0.201708311556/tools/compiler/bin/../lib/gcc/arm-none-eabi/6.3.1/../../../../arm-none-eabi/lib/thumb/v7e-m/fpv4-sp/hard/crt0.o
LOAD DataLog/SW4STM32/startup_stm32l476xx.o
LOAD DataLog/User/cube_hal_l4.o
LOAD DataLog/User/datalog_application.o
LOAD DataLog/User/main.o
LOAD DataLog/User/stm32l4xx_hal_msp.o
LOAD DataLog/User/stm32l4xx_it.o
LOAD DataLog/User/syscalls.o
LOAD DataLog/User/usbd_cdc_interface.o
LOAD DataLog/User/usbd_conf.o
LOAD DataLog/User/usbd_desc.o
LOAD Drivers/BSP/Components/HTS221_Driver.o
LOAD Drivers/BSP/Components/HTS221_Driver_HL.o
LOAD Drivers/BSP/Components/LPS22HB_Driver.o
LOAD Drivers/BSP/Components/LPS22HB_Driver_HL.o
LOAD Drivers/BSP/Components/LSM303AGR_ACC_driver.o
LOAD Drivers/BSP/Components/LSM303AGR_ACC_driver_HL.o
LOAD Drivers/BSP/Components/LSM303AGR_MAG_driver.o
LOAD Drivers/BSP/Components/LSM303AGR_MAG_driver_HL.o
LOAD Drivers/BSP/Components/LSM6DSM_ACC_GYRO_driver.o
LOAD Drivers/BSP/Components/LSM6DSM_ACC_GYRO_driver_HL.o
LOAD Drivers/BSP/Components/STC3115_Driver.o
LOAD Drivers/BSP/SensorTile/SensorTile.o
LOAD Drivers/BSP/SensorTile/SensorTile_accelero.o
LOAD Drivers/BSP/SensorTile/SensorTile_gg.o
LOAD Drivers/BSP/SensorTile/SensorTile_gyro.o
LOAD Drivers/BSP/SensorTile/SensorTile_humidity.o
LOAD Drivers/BSP/SensorTile/SensorTile_magneto.o
LOAD Drivers/BSP/SensorTile/SensorTile_pressure.o
LOAD Drivers/BSP/SensorTile/SensorTile_sd.o
LOAD Drivers/BSP/SensorTile/SensorTile_temperature.o
LOAD Drivers/CMSIS/system_stm32l4xx.o
LOAD Drivers/STM32L4xx_HAL_Driver/stm32l4xx_hal.o
LOAD Drivers/STM32L4xx_HAL_Driver/stm32l4xx_hal_cortex.o
LOAD Drivers/STM32L4xx_HAL_Driver/stm32l4xx_hal_dma.o
LOAD Drivers/STM32L4xx_HAL_Driver/stm32l4xx_hal_gpio.o
LOAD Drivers/STM32L4xx_HAL_Driver/stm32l4xx_hal_i2c.o
LOAD Drivers/STM32L4xx_HAL_Driver/stm32l4xx_hal_i2c_ex.o
LOAD Drivers/STM32L4xx_HAL_Driver/stm32l4xx_hal_pcd.o
LOAD Drivers/STM32L4xx_HAL_Driver/stm32l4xx_hal_pcd_ex.o
LOAD Drivers/STM32L4xx_HAL_Driver/stm32l4xx_hal_pwr.o
LOAD Drivers/STM32L4xx_HAL_Driver/stm32l4xx_hal_pwr_ex.o
LOAD Drivers/STM32L4xx_HAL_Driver/stm32l4xx_hal_rcc.o
LOAD Drivers/STM32L4xx_HAL_Driver/stm32l4xx_hal_rcc_ex.o
LOAD Drivers/STM32L4xx_HAL_Driver/stm32l4xx_hal_rtc.o
LOAD Drivers/STM32L4xx_HAL_Driver/stm32l4xx_hal_rtc_ex.o
LOAD Drivers/STM32L4xx_HAL_Driver/stm32l4xx_hal_spi.o
LOAD Drivers/STM32L4xx_HAL_Driver/stm32l4xx_hal_spi_ex.o
LOAD Drivers/STM32L4xx_HAL_Driver/stm32l4xx_hal_tim.o
LOAD Drivers/STM32L4xx_HAL_Driver/stm32l4xx_hal_tim_ex.o
LOAD Drivers/STM32L4xx_HAL_Driver/stm32l4xx_ll_usb.o
LOAD Middlewares/FatFs/diskio.o
LOAD Middlewares/FatFs/ff.o
LOAD Middlewares/FatFs/ff_gen_drv.o
LOAD Middlewares/FatFs/sd_diskio.o
LOAD Middlewares/FatFs/syscall.o
LOAD Middlewares/FatFs/unicode.o
LOAD Middlewares/STM32_USBD_Library/Class/usbd_cdc.o
LOAD Middlewares/STM32_USBD_Library/Core/usbd_core.o
LOAD Middlewares/STM32_USBD_Library/Core/usbd_ctlreq.o
LOAD Middlewares/STM32_USBD_Library/Core/usbd_ioreq.o
LOAD c:/ac6/systemworkbench/plugins/fr.ac6.mcu.externaltools.arm-none.win32_1.15.0.201708311556/tools/compiler/bin/../lib/gcc/arm-none-eabi/6.3.1/../../../../arm-none-eabi/lib/thumb/v7e-m/fpv4-sp/hard\libm.a
START GROUP
LOAD c:/ac6/systemworkbench/plugins/fr.ac6.mcu.externaltools.arm-none.win32_1.15.0.201708311556/tools/compiler/bin/../lib/gcc/arm-none-eabi/6.3.1/thumb/v7e-m/fpv4-sp/hard\libgcc.a
LOAD c:/ac6/systemworkbench/plugins/fr.ac6.mcu.externaltools.arm-none.win32_1.15.0.201708311556/tools/compiler/bin/../lib/gcc/arm-none-eabi/6.3.1/../../../../arm-none-eabi/lib/thumb/v7e-m/fpv4-sp/hard\libc_nano.a
END GROUP
START GROUP
LOAD c:/ac6/systemworkbench/plugins/fr.ac6.mcu.externaltools.arm-none.win32_1.15.0.201708311556/tools/compiler/bin/../lib/gcc/arm-none-eabi/6.3.1/thumb/v7e-m/fpv4-sp/hard\libgcc.a
LOAD c:/ac6/systemworkbench/plugins/fr.ac6.mcu.externaltools.arm-none.win32_1.15.0.201708311556/tools/compiler/bin/../lib/gcc/arm-none-eabi/6.3.1/../../../../arm-none-eabi/lib/thumb/v7e-m/fpv4-sp/hard\libc_nano.a
END GROUP
LOAD c:/ac6/systemworkbench/plugins/fr.ac6.mcu.externaltools.arm-none.win32_1.15.0.201708311556/tools/compiler/bin/../lib/gcc/arm-none-eabi/6.3.1/thumb/v7e-m/fpv4-sp/hard/crtend.o
LOAD c:/ac6/systemworkbench/plugins/fr.ac6.mcu.externaltools.arm-none.win32_1.15.0.201708311556/tools/compiler/bin/../lib/gcc/arm-none-eabi/6.3.1/thumb/v7e-m/fpv4-sp/hard/crtn.o
                0x20017fff                _estack = 0x20017fff
                0x00002000                _Min_Heap_Size = 0x2000
                0x00002000                _Min_Stack_Size = 0x2000

.isr_vector     0x08004000      0x188
                0x08004000                . = ALIGN (0x8)
 *(.isr_vector)
 .isr_vector    0x08004000      0x188 DataLog/SW4STM32/startup_stm32l476xx.o
                0x08004000                g_pfnVectors
                0x08004188                . = ALIGN (0x8)

.text           0x08004190    0x1c0e0
                0x08004190                . = ALIGN (0x8)
 *(.text)
 .text          0x08004190       0x6c c:/ac6/systemworkbench/plugins/fr.ac6.mcu.externaltools.arm-none.win32_1.15.0.201708311556/tools/compiler/bin/../lib/gcc/arm-none-eabi/6.3.1/thumb/v7e-m/fpv4-sp/hard/crtbegin.o
 .text          0x080041fc      0x370 c:/ac6/systemworkbench/plugins/fr.ac6.mcu.externaltools.arm-none.win32_1.15.0.201708311556/tools/compiler/bin/../lib/gcc/arm-none-eabi/6.3.1/thumb/v7e-m/fpv4-sp/hard\libgcc.a(_arm_addsubdf3.o)
                0x080041fc                __aeabi_drsub
                0x08004204                __aeabi_dsub
                0x08004204                __subdf3
                0x08004208                __aeabi_dadd
                0x08004208                __adddf3
                0x08004480                __floatunsidf
                0x08004480                __aeabi_ui2d
                0x080044a0                __floatsidf
                0x080044a0                __aeabi_i2d
                0x080044c4                __aeabi_f2d
                0x080044c4                __extendsfdf2
                0x08004500                __floatundidf
                0x08004500                __aeabi_ul2d
                0x08004510                __floatdidf
                0x08004510                __aeabi_l2d
 .text          0x0800456c      0x424 c:/ac6/systemworkbench/plugins/fr.ac6.mcu.externaltools.arm-none.win32_1.15.0.201708311556/tools/compiler/bin/../lib/gcc/arm-none-eabi/6.3.1/thumb/v7e-m/fpv4-sp/hard\libgcc.a(_arm_muldivdf3.o)
                0x0800456c                __aeabi_dmul
                0x0800456c                __muldf3
                0x080047c0                __divdf3
                0x080047c0                __aeabi_ddiv
 .text          0x08004990      0x110 c:/ac6/systemworkbench/plugins/fr.ac6.mcu.externaltools.arm-none.win32_1.15.0.201708311556/tools/compiler/bin/../lib/gcc/arm-none-eabi/6.3.1/thumb/v7e-m/fpv4-sp/hard\libgcc.a(_arm_cmpdf2.o)
                0x08004990                __gtdf2
                0x08004990                __gedf2
                0x08004998                __ltdf2
                0x08004998                __ledf2
                0x080049a0                __nedf2
                0x080049a0                __eqdf2
                0x080049a0                __cmpdf2
                0x08004a1c                __aeabi_cdrcmple
                0x08004a2c                __aeabi_cdcmpeq
                0x08004a2c                __aeabi_cdcmple
                0x08004a3c                __aeabi_dcmpeq
                0x08004a50                __aeabi_dcmplt
                0x08004a64                __aeabi_dcmple
                0x08004a78                __aeabi_dcmpge
                0x08004a8c                __aeabi_dcmpgt
 .text          0x08004aa0       0x2c c:/ac6/systemworkbench/plugins/fr.ac6.mcu.externaltools.arm-none.win32_1.15.0.201708311556/tools/compiler/bin/../lib/gcc/arm-none-eabi/6.3.1/thumb/v7e-m/fpv4-sp/hard\libgcc.a(_arm_unorddf2.o)
                0x08004aa0                __unorddf2
                0x08004aa0                __aeabi_dcmpun
 .text          0x08004acc       0x50 c:/ac6/systemworkbench/plugins/fr.ac6.mcu.externaltools.arm-none.win32_1.15.0.201708311556/tools/compiler/bin/../lib/gcc/arm-none-eabi/6.3.1/thumb/v7e-m/fpv4-sp/hard\libgcc.a(_arm_fixdfsi.o)
                0x08004acc                __aeabi_d2iz
                0x08004acc                __fixdfsi
 .text          0x08004b1c       0xa0 c:/ac6/systemworkbench/plugins/fr.ac6.mcu.externaltools.arm-none.win32_1.15.0.201708311556/tools/compiler/bin/../lib/gcc/arm-none-eabi/6.3.1/thumb/v7e-m/fpv4-sp/hard\libgcc.a(_arm_truncdfsf2.o)
                0x08004b1c                __truncdfsf2
                0x08004b1c                __aeabi_d2f
 .text          0x08004bbc       0xa0 c:/ac6/systemworkbench/plugins/fr.ac6.mcu.externaltools.arm-none.win32_1.15.0.201708311556/tools/compiler/bin/../lib/gcc/arm-none-eabi/6.3.1/thumb/v7e-m/fpv4-sp/hard\libgcc.a(_aeabi_ldivmod.o)
                0x08004bbc                __aeabi_ldivmod
 .text          0x08004c5c      0x2dc c:/ac6/systemworkbench/plugins/fr.ac6.mcu.externaltools.arm-none.win32_1.15.0.201708311556/tools/compiler/bin/../lib/gcc/arm-none-eabi/6.3.1/thumb/v7e-m/fpv4-sp/hard\libgcc.a(_udivmoddi4.o)
                0x08004c5c                __udivmoddi4
 .text          0x08004f38        0x4 c:/ac6/systemworkbench/plugins/fr.ac6.mcu.externaltools.arm-none.win32_1.15.0.201708311556/tools/compiler/bin/../lib/gcc/arm-none-eabi/6.3.1/thumb/v7e-m/fpv4-sp/hard\libgcc.a(_dvmd_tls.o)
                0x08004f38                __aeabi_idiv0
                0x08004f38                __aeabi_ldiv0
 .text          0x08004f3c       0x10 c:/ac6/systemworkbench/plugins/fr.ac6.mcu.externaltools.arm-none.win32_1.15.0.201708311556/tools/compiler/bin/../lib/gcc/arm-none-eabi/6.3.1/../../../../arm-none-eabi/lib/thumb/v7e-m/fpv4-sp/hard\libc_nano.a(lib_a-strlen.o)
                0x08004f3c                strlen
 *fill*         0x08004f4c        0x4 
 .text          0x08004f50       0xa0 c:/ac6/systemworkbench/plugins/fr.ac6.mcu.externaltools.arm-none.win32_1.15.0.201708311556/tools/compiler/bin/../lib/gcc/arm-none-eabi/6.3.1/../../../../arm-none-eabi/lib/thumb/v7e-m/fpv4-sp/hard\libc_nano.a(lib_a-memchr.o)
                0x08004f50                memchr
 *(.text*)
 .text.Reset_Handler
                0x08004ff0       0x50 DataLog/SW4STM32/startup_stm32l476xx.o
                0x08004ff0                Reset_Handler
 .text.Default_Handler
                0x08005040        0x2 DataLog/SW4STM32/startup_stm32l476xx.o
                0x08005040                RTC_Alarm_IRQHandler
                0x08005040                TIM8_TRG_COM_IRQHandler
                0x08005040                TIM8_CC_IRQHandler
                0x08005040                TIM1_CC_IRQHandler
                0x08005040                TSC_IRQHandler
                0x08005040                TAMP_STAMP_IRQHandler
                0x08005040                PendSV_Handler
                0x08005040                EXTI3_IRQHandler
                0x08005040                LPTIM2_IRQHandler
                0x08005040                DFSDM1_FLT1_IRQHandler
                0x08005040                I2C3_ER_IRQHandler
                0x08005040                DFSDM1_FLT2_IRQHandler
                0x08005040                EXTI0_IRQHandler
                0x08005040                I2C2_EV_IRQHandler
                0x08005040                CAN1_RX0_IRQHandler
                0x08005040                FPU_IRQHandler
                0x08005040                TIM1_UP_TIM16_IRQHandler
                0x08005040                UsageFault_Handler
                0x08005040                ADC1_2_IRQHandler
                0x08005040                SPI1_IRQHandler
                0x08005040                TIM6_DAC_IRQHandler
                0x08005040                TIM8_UP_IRQHandler
                0x08005040                DMA2_Channel2_IRQHandler
                0x08005040                DMA1_Channel4_IRQHandler
                0x08005040                SAI2_IRQHandler
                0x08005040                DFSDM1_FLT3_IRQHandler
                0x08005040                USART3_IRQHandler
                0x08005040                DMA1_Channel7_IRQHandler
                0x08005040                CAN1_RX1_IRQHandler
                0x08005040                LCD_IRQHandler
                0x08005040                UART5_IRQHandler
                0x08005040                ADC3_IRQHandler
                0x08005040                TIM4_IRQHandler
                0x08005040                DMA2_Channel1_IRQHandler
                0x08005040                QUADSPI_IRQHandler
                0x08005040                I2C1_EV_IRQHandler
                0x08005040                DMA1_Channel6_IRQHandler
                0x08005040                UART4_IRQHandler
                0x08005040                DMA2_Channel4_IRQHandler
                0x08005040                RCC_IRQHandler
                0x08005040                DMA1_Channel1_IRQHandler
                0x08005040                Default_Handler
                0x08005040                DMA2_Channel7_IRQHandler
                0x08005040                EXTI15_10_IRQHandler
                0x08005040                TIM7_IRQHandler
                0x08005040                SDMMC1_IRQHandler
                0x08005040                TIM5_IRQHandler
                0x08005040                I2C3_EV_IRQHandler
                0x08005040                EXTI9_5_IRQHandler
                0x08005040                RTC_WKUP_IRQHandler
                0x08005040                PVD_PVM_IRQHandler
                0x08005040                SPI2_IRQHandler
                0x08005040                MemManage_Handler
                0x08005040                CAN1_TX_IRQHandler
                0x08005040                SVC_Handler
                0x08005040                DMA2_Channel5_IRQHandler
                0x08005040                DMA1_Channel5_IRQHandler
                0x08005040                EXTI4_IRQHandler
                0x08005040                RNG_IRQHandler
                0x08005040                TIM1_TRG_COM_TIM17_IRQHandler
                0x08005040                DMA1_Channel3_IRQHandler
                0x08005040                COMP_IRQHandler
                0x08005040                WWDG_IRQHandler
                0x08005040                LPUART1_IRQHandler
                0x08005040                DMA2_Channel6_IRQHandler
                0x08005040                TIM2_IRQHandler
                0x08005040                EXTI1_IRQHandler
                0x08005040                USART2_IRQHandler
                0x08005040                DFSDM1_FLT0_IRQHandler
                0x08005040                I2C2_ER_IRQHandler
                0x08005040                DMA1_Channel2_IRQHandler
                0x08005040                TIM8_BRK_IRQHandler
                0x08005040                CAN1_SCE_IRQHandler
                0x08005040                FLASH_IRQHandler
                0x08005040                BusFault_Handler
                0x08005040                USART1_IRQHandler
                0x08005040                SPI3_IRQHandler
                0x08005040                I2C1_ER_IRQHandler
                0x08005040                FMC_IRQHandler
                0x08005040                SWPMI1_IRQHandler
                0x08005040                LPTIM1_IRQHandler
                0x08005040                SAI1_IRQHandler
                0x08005040                DMA2_Channel3_IRQHandler
                0x08005040                TIM1_BRK_TIM15_IRQHandler
 *fill*         0x08005042        0x2 
 .text.SystemClock_Config
                0x08005044      0x144 DataLog/User/cube_hal_l4.o
                0x08005044                SystemClock_Config
 .text.Error_Handler
                0x08005188        0x6 DataLog/User/cube_hal_l4.o
 *fill*         0x0800518e        0x2 
 .text.DATALOG_SD_Init
                0x08005190       0x54 DataLog/User/datalog_application.o
                0x08005190                DATALOG_SD_Init
 .text.DATALOG_SD_Log_Enable
                0x080051e4       0xa0 DataLog/User/datalog_application.o
                0x080051e4                DATALOG_SD_Log_Enable
 .text.DATALOG_SD_Log_Disable
                0x08005284       0x18 DataLog/User/datalog_application.o
                0x08005284                DATALOG_SD_Log_Disable
 .text.DATALOG_SD_NewLine
                0x0800529c       0x24 DataLog/User/datalog_application.o
                0x0800529c                DATALOG_SD_NewLine
 .text.RTC_Handler
                0x080052c0       0xb4 DataLog/User/datalog_application.o
                0x080052c0                RTC_Handler
 *fill*         0x08005374        0x4 
 .text.Accelero_Sensor_Handler
                0x08005378      0x9e0 DataLog/User/datalog_application.o
                0x08005378                Accelero_Sensor_Handler
 .text.floatToInt
                0x08005d58       0xc8 DataLog/User/datalog_application.o
                0x08005d58                floatToInt
 .text.main     0x08005e20      0x184 DataLog/User/main.o
                0x08005e20                main
 .text.initializeAllSensors
                0x08005fa4       0xf4 DataLog/User/main.o
 .text.enableAllSensors
                0x08006098       0x88 DataLog/User/main.o
                0x08006098                enableAllSensors
 .text.RTC_Config
                0x08006120       0x4c DataLog/User/main.o
 .text.RTC_TimeStampConfig
                0x0800616c       0x68 DataLog/User/main.o
 .text.HAL_GPIO_EXTI_Callback
                0x080061d4       0x20 DataLog/User/main.o
                0x080061d4                HAL_GPIO_EXTI_Callback
 .text.Error_Handler
                0x080061f4        0x6 DataLog/User/main.o
 *fill*         0x080061fa        0x2 
 .text.HAL_RTC_MspInit
                0x080061fc       0x34 DataLog/User/stm32l4xx_hal_msp.o
                0x080061fc                HAL_RTC_MspInit
 .text.NMI_Handler
                0x08006230        0xe DataLog/User/stm32l4xx_it.o
                0x08006230                NMI_Handler
 .text.HardFault_Handler
                0x0800623e        0x6 DataLog/User/stm32l4xx_it.o
                0x0800623e                HardFault_Handler
 .text.DebugMon_Handler
                0x08006244        0xe DataLog/User/stm32l4xx_it.o
                0x08006244                DebugMon_Handler
 .text.SysTick_Handler
                0x08006252        0xc DataLog/User/stm32l4xx_it.o
                0x08006252                SysTick_Handler
 *fill*         0x0800625e        0x2 
 .text.OTG_FS_IRQHandler
                0x08006260       0x14 DataLog/User/stm32l4xx_it.o
                0x08006260                OTG_FS_IRQHandler
 .text.TIM3_IRQHandler
                0x08006274       0x14 DataLog/User/stm32l4xx_it.o
                0x08006274                TIM3_IRQHandler
 .text.EXTI2_IRQHandler
                0x08006288        0xe DataLog/User/stm32l4xx_it.o
                0x08006288                EXTI2_IRQHandler
 *fill*         0x08006296        0x2 
 .text._sbrk    0x08006298       0x58 DataLog/User/syscalls.o
                0x08006298                _sbrk
 .text._write   0x080062f0       0x38 DataLog/User/syscalls.o
                0x080062f0                _write
 .text._close   0x08006328       0x18 DataLog/User/syscalls.o
                0x08006328                _close
 .text._fstat   0x08006340       0x20 DataLog/User/syscalls.o
                0x08006340                _fstat
 .text._isatty  0x08006360       0x16 DataLog/User/syscalls.o
                0x08006360                _isatty
 .text._lseek   0x08006376       0x1a DataLog/User/syscalls.o
                0x08006376                _lseek
 .text._read    0x08006390       0x22 DataLog/User/syscalls.o
                0x08006390                _read
 *fill*         0x080063b2        0x2 
 .text.CDC_Itf_Init
                0x080063b4       0x74 DataLog/User/usbd_cdc_interface.o
 .text.CDC_Itf_DeInit
                0x08006428       0x10 DataLog/User/usbd_cdc_interface.o
 .text.CDC_Itf_Control
                0x08006438      0x15c DataLog/User/usbd_cdc_interface.o
 .text.CDC_Fill_Buffer
                0x08006594       0x54 DataLog/User/usbd_cdc_interface.o
                0x08006594                CDC_Fill_Buffer
 .text.HAL_TIM_PeriodElapsedCallback
                0x080065e8       0x90 DataLog/User/usbd_cdc_interface.o
                0x080065e8                HAL_TIM_PeriodElapsedCallback
 .text.CDC_Itf_Receive
                0x08006678       0x18 DataLog/User/usbd_cdc_interface.o
 .text.TIM_Config
                0x08006690       0x40 DataLog/User/usbd_cdc_interface.o
 .text.Error_Handler
                0x080066d0        0xe DataLog/User/usbd_cdc_interface.o
 *fill*         0x080066de        0x2 
 .text.HAL_PCD_MspInit
                0x080066e0       0x78 DataLog/User/usbd_conf.o
                0x080066e0                HAL_PCD_MspInit
 .text.HAL_PCD_SetupStageCallback
                0x08006758       0x24 DataLog/User/usbd_conf.o
                0x08006758                HAL_PCD_SetupStageCallback
 .text.HAL_PCD_DataOutStageCallback
                0x0800677c       0x36 DataLog/User/usbd_conf.o
                0x0800677c                HAL_PCD_DataOutStageCallback
 .text.HAL_PCD_DataInStageCallback
                0x080067b2       0x34 DataLog/User/usbd_conf.o
                0x080067b2                HAL_PCD_DataInStageCallback
 .text.HAL_PCD_SOFCallback
                0x080067e6       0x1c DataLog/User/usbd_conf.o
                0x080067e6                HAL_PCD_SOFCallback
 .text.HAL_PCD_ResetCallback
                0x08006802       0x2a DataLog/User/usbd_conf.o
                0x08006802                HAL_PCD_ResetCallback
 .text.HAL_PCD_SuspendCallback
                0x0800682c       0x1c DataLog/User/usbd_conf.o
                0x0800682c                HAL_PCD_SuspendCallback
 .text.HAL_PCD_ResumeCallback
                0x08006848       0x1c DataLog/User/usbd_conf.o
                0x08006848                HAL_PCD_ResumeCallback
 .text.HAL_PCD_ISOOUTIncompleteCallback
                0x08006864       0x24 DataLog/User/usbd_conf.o
                0x08006864                HAL_PCD_ISOOUTIncompleteCallback
 .text.HAL_PCD_ISOINIncompleteCallback
                0x08006888       0x24 DataLog/User/usbd_conf.o
                0x08006888                HAL_PCD_ISOINIncompleteCallback
 .text.HAL_PCD_ConnectCallback
                0x080068ac       0x1c DataLog/User/usbd_conf.o
                0x080068ac                HAL_PCD_ConnectCallback
 .text.HAL_PCD_DisconnectCallback
                0x080068c8       0x1c DataLog/User/usbd_conf.o
                0x080068c8                HAL_PCD_DisconnectCallback
 .text.USBD_LL_Init
                0x080068e4       0x94 DataLog/User/usbd_conf.o
                0x080068e4                USBD_LL_Init
 .text.USBD_LL_Start
                0x08006978       0x1e DataLog/User/usbd_conf.o
                0x08006978                USBD_LL_Start
 .text.USBD_LL_OpenEP
                0x08006996       0x34 DataLog/User/usbd_conf.o
                0x08006996                USBD_LL_OpenEP
 .text.USBD_LL_CloseEP
                0x080069ca       0x26 DataLog/User/usbd_conf.o
                0x080069ca                USBD_LL_CloseEP
 .text.USBD_LL_StallEP
                0x080069f0       0x26 DataLog/User/usbd_conf.o
                0x080069f0                USBD_LL_StallEP
 .text.USBD_LL_ClearStallEP
                0x08006a16       0x26 DataLog/User/usbd_conf.o
                0x08006a16                USBD_LL_ClearStallEP
 .text.USBD_LL_IsStallEP
                0x08006a3c       0x58 DataLog/User/usbd_conf.o
                0x08006a3c                USBD_LL_IsStallEP
 .text.USBD_LL_SetUSBAddress
                0x08006a94       0x26 DataLog/User/usbd_conf.o
                0x08006a94                USBD_LL_SetUSBAddress
 .text.USBD_LL_Transmit
                0x08006aba       0x2e DataLog/User/usbd_conf.o
                0x08006aba                USBD_LL_Transmit
 .text.USBD_LL_PrepareReceive
                0x08006ae8       0x2e DataLog/User/usbd_conf.o
                0x08006ae8                USBD_LL_PrepareReceive
 .text.USBD_LL_GetRxDataSize
                0x08006b16       0x26 DataLog/User/usbd_conf.o
                0x08006b16                USBD_LL_GetRxDataSize
 .text.USBD_VCP_DeviceDescriptor
                0x08006b3c       0x24 DataLog/User/usbd_desc.o
                0x08006b3c                USBD_VCP_DeviceDescriptor
 .text.USBD_VCP_LangIDStrDescriptor
                0x08006b60       0x24 DataLog/User/usbd_desc.o
                0x08006b60                USBD_VCP_LangIDStrDescriptor
 .text.USBD_VCP_ProductStrDescriptor
                0x08006b84       0x28 DataLog/User/usbd_desc.o
                0x08006b84                USBD_VCP_ProductStrDescriptor
 .text.USBD_VCP_ManufacturerStrDescriptor
                0x08006bac       0x28 DataLog/User/usbd_desc.o
                0x08006bac                USBD_VCP_ManufacturerStrDescriptor
 .text.USBD_VCP_SerialStrDescriptor
                0x08006bd4       0x24 DataLog/User/usbd_desc.o
                0x08006bd4                USBD_VCP_SerialStrDescriptor
 .text.USBD_VCP_ConfigStrDescriptor
                0x08006bf8       0x28 DataLog/User/usbd_desc.o
                0x08006bf8                USBD_VCP_ConfigStrDescriptor
 .text.USBD_VCP_InterfaceStrDescriptor
                0x08006c20       0x28 DataLog/User/usbd_desc.o
                0x08006c20                USBD_VCP_InterfaceStrDescriptor
 .text.Get_SerialNum
                0x08006c48       0x58 DataLog/User/usbd_desc.o
 .text.IntToUnicode
                0x08006ca0       0x7c DataLog/User/usbd_desc.o
 .text.HTS221_ReadReg
                0x08006d1c       0x32 Drivers/BSP/Components/HTS221_Driver.o
                0x08006d1c                HTS221_ReadReg
 .text.HTS221_WriteReg
                0x08006d4e       0x32 Drivers/BSP/Components/HTS221_Driver.o
                0x08006d4e                HTS221_WriteReg
 .text.HTS221_Get_DeviceID
                0x08006d80       0x2a Drivers/BSP/Components/HTS221_Driver.o
                0x08006d80                HTS221_Get_DeviceID
 *fill*         0x08006daa        0x2 
 .text.HTS221_Get_Humidity
                0x08006dac      0x154 Drivers/BSP/Components/HTS221_Driver.o
                0x08006dac                HTS221_Get_Humidity
 .text.HTS221_Get_Temperature
                0x08006f00      0x14c Drivers/BSP/Components/HTS221_Driver.o
                0x08006f00                HTS221_Get_Temperature
 .text.HTS221_Get_DataStatus
                0x0800704c       0x48 Drivers/BSP/Components/HTS221_Driver.o
                0x0800704c                HTS221_Get_DataStatus
 .text.HTS221_Activate
                0x08007094       0x4c Drivers/BSP/Components/HTS221_Driver.o
                0x08007094                HTS221_Activate
 .text.HTS221_DeActivate
                0x080070e0       0x4c Drivers/BSP/Components/HTS221_Driver.o
                0x080070e0                HTS221_DeActivate
 .text.HTS221_Set_BduMode
                0x0800712c       0x7c Drivers/BSP/Components/HTS221_Driver.o
                0x0800712c                HTS221_Set_BduMode
 .text.HTS221_Set_Odr
                0x080071a8       0x80 Drivers/BSP/Components/HTS221_Driver.o
                0x080071a8                HTS221_Set_Odr
 .text.HTS221_Get_Odr
                0x08007228       0x3c Drivers/BSP/Components/HTS221_Driver.o
                0x08007228                HTS221_Get_Odr
 .text.HTS221_assert_failed
                0x08007264       0x1c Drivers/BSP/Components/HTS221_Driver.o
                0x08007264                HTS221_assert_failed
 .text.HTS221_H_Init
                0x08007280       0x42 Drivers/BSP/Components/HTS221_Driver_HL.o
 .text.HTS221_H_DeInit
                0x080072c2       0x42 Drivers/BSP/Components/HTS221_Driver_HL.o
 .text.HTS221_H_Sensor_Enable
                0x08007304       0x4e Drivers/BSP/Components/HTS221_Driver_HL.o
 .text.HTS221_H_Sensor_Disable
                0x08007352       0x4e Drivers/BSP/Components/HTS221_Driver_HL.o
 .text.HTS221_H_Get_WhoAmI
                0x080073a0       0x1c Drivers/BSP/Components/HTS221_Driver_HL.o
 .text.HTS221_H_Check_WhoAmI
                0x080073bc       0x18 Drivers/BSP/Components/HTS221_Driver_HL.o
 .text.HTS221_H_Get_Hum
                0x080073d4       0x1c Drivers/BSP/Components/HTS221_Driver_HL.o
 .text.HTS221_H_Get_ODR
                0x080073f0       0x1c Drivers/BSP/Components/HTS221_Driver_HL.o
 .text.HTS221_H_Set_ODR
                0x0800740c       0x20 Drivers/BSP/Components/HTS221_Driver_HL.o
 .text.HTS221_H_Set_ODR_Value
                0x0800742c       0x20 Drivers/BSP/Components/HTS221_Driver_HL.o
 .text.HTS221_H_Read_Reg
                0x0800744c       0x2e Drivers/BSP/Components/HTS221_Driver_HL.o
 .text.HTS221_H_Write_Reg
                0x0800747a       0x30 Drivers/BSP/Components/HTS221_Driver_HL.o
 .text.HTS221_H_Get_DRDY_Status
                0x080074aa       0x4c Drivers/BSP/Components/HTS221_Driver_HL.o
 .text.HTS221_T_Init
                0x080074f6       0x42 Drivers/BSP/Components/HTS221_Driver_HL.o
 .text.HTS221_T_DeInit
                0x08007538       0x42 Drivers/BSP/Components/HTS221_Driver_HL.o
 .text.HTS221_T_Sensor_Enable
                0x0800757a       0x4e Drivers/BSP/Components/HTS221_Driver_HL.o
 .text.HTS221_T_Sensor_Disable
                0x080075c8       0x4e Drivers/BSP/Components/HTS221_Driver_HL.o
 .text.HTS221_T_Get_WhoAmI
                0x08007616       0x1c Drivers/BSP/Components/HTS221_Driver_HL.o
 .text.HTS221_T_Check_WhoAmI
                0x08007632       0x18 Drivers/BSP/Components/HTS221_Driver_HL.o
 .text.HTS221_T_Get_Temp
                0x0800764a       0x1c Drivers/BSP/Components/HTS221_Driver_HL.o
 .text.HTS221_T_Get_ODR
                0x08007666       0x1c Drivers/BSP/Components/HTS221_Driver_HL.o
 .text.HTS221_T_Set_ODR
                0x08007682       0x20 Drivers/BSP/Components/HTS221_Driver_HL.o
 .text.HTS221_T_Set_ODR_Value
                0x080076a2       0x20 Drivers/BSP/Components/HTS221_Driver_HL.o
 .text.HTS221_T_Read_Reg
                0x080076c2       0x2e Drivers/BSP/Components/HTS221_Driver_HL.o
 .text.HTS221_T_Write_Reg
                0x080076f0       0x30 Drivers/BSP/Components/HTS221_Driver_HL.o
 .text.HTS221_T_Get_DRDY_Status
                0x08007720       0x4c Drivers/BSP/Components/HTS221_Driver_HL.o
 .text.HTS221_Init
                0x0800776c       0x56 Drivers/BSP/Components/HTS221_Driver_HL.o
 .text.HTS221_Sensor_Enable
                0x080077c2       0x22 Drivers/BSP/Components/HTS221_Driver_HL.o
 .text.HTS221_Sensor_Disable
                0x080077e4       0x22 Drivers/BSP/Components/HTS221_Driver_HL.o
 .text.HTS221_Get_WhoAmI
                0x08007806       0x26 Drivers/BSP/Components/HTS221_Driver_HL.o
 .text.HTS221_Check_WhoAmI
                0x0800782c       0x3a Drivers/BSP/Components/HTS221_Driver_HL.o
 .text.HTS221_Get_Hum
                0x08007866       0x46 Drivers/BSP/Components/HTS221_Driver_HL.o
 .text.HTS221_Get_Temp
                0x080078ac       0x48 Drivers/BSP/Components/HTS221_Driver_HL.o
 .text.HTS221_Get_ODR
                0x080078f4       0x80 Drivers/BSP/Components/HTS221_Driver_HL.o
 .text.HTS221_Set_ODR
                0x08007974       0x6c Drivers/BSP/Components/HTS221_Driver_HL.o
 .text.HTS221_Set_ODR_Value
                0x080079e0       0x5a Drivers/BSP/Components/HTS221_Driver_HL.o
 .text.HTS221_Read_Reg
                0x08007a3a       0x2e Drivers/BSP/Components/HTS221_Driver_HL.o
 .text.HTS221_Write_Reg
                0x08007a68       0x30 Drivers/BSP/Components/HTS221_Driver_HL.o
 .text.LPS22HB_ReadReg
                0x08007a98       0x32 Drivers/BSP/Components/LPS22HB_Driver.o
                0x08007a98                LPS22HB_ReadReg
 .text.LPS22HB_WriteReg
                0x08007aca       0x32 Drivers/BSP/Components/LPS22HB_Driver.o
                0x08007aca                LPS22HB_WriteReg
 .text.LPS22HB_Get_DeviceID
                0x08007afc       0x2a Drivers/BSP/Components/LPS22HB_Driver.o
                0x08007afc                LPS22HB_Get_DeviceID
 .text.LPS22HB_Set_PowerMode
                0x08007b26       0x5a Drivers/BSP/Components/LPS22HB_Driver.o
                0x08007b26                LPS22HB_Set_PowerMode
 .text.LPS22HB_Set_Odr
                0x08007b80       0x5a Drivers/BSP/Components/LPS22HB_Driver.o
                0x08007b80                LPS22HB_Set_Odr
 .text.LPS22HB_Get_Odr
                0x08007bda       0x38 Drivers/BSP/Components/LPS22HB_Driver.o
                0x08007bda                LPS22HB_Get_Odr
 .text.LPS22HB_Set_LowPassFilter
                0x08007c12       0x62 Drivers/BSP/Components/LPS22HB_Driver.o
                0x08007c12                LPS22HB_Set_LowPassFilter
 .text.LPS22HB_Set_LowPassFilterCutoff
                0x08007c74       0x5a Drivers/BSP/Components/LPS22HB_Driver.o
                0x08007c74                LPS22HB_Set_LowPassFilterCutoff
 .text.LPS22HB_Set_Bdu
                0x08007cce       0x5a Drivers/BSP/Components/LPS22HB_Driver.o
                0x08007cce                LPS22HB_Set_Bdu
 .text.LPS22HB_SwResetAndMemoryBoot
                0x08007d28       0x4c Drivers/BSP/Components/LPS22HB_Driver.o
                0x08007d28                LPS22HB_SwResetAndMemoryBoot
 .text.LPS22HB_Set_FifoModeUse
                0x08007d74       0x62 Drivers/BSP/Components/LPS22HB_Driver.o
                0x08007d74                LPS22HB_Set_FifoModeUse
 .text.LPS22HB_Set_FifoWatermarkLevelUse
                0x08007dd6       0x62 Drivers/BSP/Components/LPS22HB_Driver.o
                0x08007dd6                LPS22HB_Set_FifoWatermarkLevelUse
 .text.LPS22HB_Set_AutomaticIncrementRegAddress
                0x08007e38       0x62 Drivers/BSP/Components/LPS22HB_Driver.o
                0x08007e38                LPS22HB_Set_AutomaticIncrementRegAddress
 .text.LPS22HB_Set_I2C
                0x08007e9a       0x66 Drivers/BSP/Components/LPS22HB_Driver.o
                0x08007e9a                LPS22HB_Set_I2C
 .text.LPS22HB_Set_FIFO_OVR_Interrupt
                0x08007f00       0x62 Drivers/BSP/Components/LPS22HB_Driver.o
                0x08007f00                LPS22HB_Set_FIFO_OVR_Interrupt
 .text.LPS22HB_Set_FIFO_FTH_Interrupt
                0x08007f62       0x62 Drivers/BSP/Components/LPS22HB_Driver.o
                0x08007f62                LPS22HB_Set_FIFO_FTH_Interrupt
 .text.LPS22HB_Set_FIFO_FULL_Interrupt
                0x08007fc4       0x62 Drivers/BSP/Components/LPS22HB_Driver.o
                0x08007fc4                LPS22HB_Set_FIFO_FULL_Interrupt
 .text.LPS22HB_Get_DataStatus
                0x08008026       0x64 Drivers/BSP/Components/LPS22HB_Driver.o
                0x08008026                LPS22HB_Get_DataStatus
 .text.LPS22HB_Get_RawPressure
                0x0800808a       0x76 Drivers/BSP/Components/LPS22HB_Driver.o
                0x0800808a                LPS22HB_Get_RawPressure
 .text.LPS22HB_Get_Pressure
                0x08008100       0x42 Drivers/BSP/Components/LPS22HB_Driver.o
                0x08008100                LPS22HB_Get_Pressure
 .text.LPS22HB_Get_RawTemperature
                0x08008142       0x44 Drivers/BSP/Components/LPS22HB_Driver.o
                0x08008142                LPS22HB_Get_RawTemperature
 *fill*         0x08008186        0x2 
 .text.LPS22HB_Get_Temperature
                0x08008188       0x50 Drivers/BSP/Components/LPS22HB_Driver.o
                0x08008188                LPS22HB_Get_Temperature
 .text.LPS22HB_Set_FifoMode
                0x080081d8       0x5a Drivers/BSP/Components/LPS22HB_Driver.o
                0x080081d8                LPS22HB_Set_FifoMode
 .text.LPS22HB_Get_FifoMode
                0x08008232       0x3c Drivers/BSP/Components/LPS22HB_Driver.o
                0x08008232                LPS22HB_Get_FifoMode
 .text.LPS22HB_Set_FifoWatermarkLevel
                0x0800826e       0x5a Drivers/BSP/Components/LPS22HB_Driver.o
                0x0800826e                LPS22HB_Set_FifoWatermarkLevel
 .text.LPS22HB_Get_FifoWatermarkLevel
                0x080082c8       0x38 Drivers/BSP/Components/LPS22HB_Driver.o
                0x080082c8                LPS22HB_Get_FifoWatermarkLevel
 .text.LPS22HB_Get_FifoStatus
                0x08008300       0x7e Drivers/BSP/Components/LPS22HB_Driver.o
                0x08008300                LPS22HB_Get_FifoStatus
 .text.LPS22HB_P_Init
                0x0800837e       0x42 Drivers/BSP/Components/LPS22HB_Driver_HL.o
 .text.LPS22HB_P_DeInit
                0x080083c0       0x40 Drivers/BSP/Components/LPS22HB_Driver_HL.o
 .text.LPS22HB_P_Sensor_Enable
                0x08008400       0x50 Drivers/BSP/Components/LPS22HB_Driver_HL.o
 .text.LPS22HB_P_Sensor_Disable
                0x08008450       0x4e Drivers/BSP/Components/LPS22HB_Driver_HL.o
 .text.LPS22HB_P_Get_WhoAmI
                0x0800849e       0x1c Drivers/BSP/Components/LPS22HB_Driver_HL.o
 .text.LPS22HB_P_Check_WhoAmI
                0x080084ba       0x18 Drivers/BSP/Components/LPS22HB_Driver_HL.o
 .text.LPS22HB_P_Get_Press
                0x080084d2       0x1c Drivers/BSP/Components/LPS22HB_Driver_HL.o
 .text.LPS22HB_P_Get_ODR
                0x080084ee       0x1c Drivers/BSP/Components/LPS22HB_Driver_HL.o
 .text.LPS22HB_P_Set_ODR
                0x0800850a       0x54 Drivers/BSP/Components/LPS22HB_Driver_HL.o
 .text.LPS22HB_P_Set_ODR_Value
                0x0800855e       0x54 Drivers/BSP/Components/LPS22HB_Driver_HL.o
 .text.LPS22HB_P_Read_Reg
                0x080085b2       0x2e Drivers/BSP/Components/LPS22HB_Driver_HL.o
 .text.LPS22HB_P_Write_Reg
                0x080085e0       0x30 Drivers/BSP/Components/LPS22HB_Driver_HL.o
 .text.LPS22HB_P_Get_DRDY_Status
                0x08008610       0x30 Drivers/BSP/Components/LPS22HB_Driver_HL.o
 .text.LPS22HB_T_Init
                0x08008640       0x42 Drivers/BSP/Components/LPS22HB_Driver_HL.o
 .text.LPS22HB_T_DeInit
                0x08008682       0x40 Drivers/BSP/Components/LPS22HB_Driver_HL.o
 .text.LPS22HB_T_Sensor_Enable
                0x080086c2       0x50 Drivers/BSP/Components/LPS22HB_Driver_HL.o
 .text.LPS22HB_T_Sensor_Disable
                0x08008712       0x4e Drivers/BSP/Components/LPS22HB_Driver_HL.o
 .text.LPS22HB_T_Get_WhoAmI
                0x08008760       0x1c Drivers/BSP/Components/LPS22HB_Driver_HL.o
 .text.LPS22HB_T_Check_WhoAmI
                0x0800877c       0x18 Drivers/BSP/Components/LPS22HB_Driver_HL.o
 .text.LPS22HB_T_Get_Temp
                0x08008794       0x1c Drivers/BSP/Components/LPS22HB_Driver_HL.o
 .text.LPS22HB_T_Get_ODR
                0x080087b0       0x1c Drivers/BSP/Components/LPS22HB_Driver_HL.o
 .text.LPS22HB_T_Set_ODR
                0x080087cc       0x54 Drivers/BSP/Components/LPS22HB_Driver_HL.o
 .text.LPS22HB_T_Set_ODR_Value
                0x08008820       0x54 Drivers/BSP/Components/LPS22HB_Driver_HL.o
 .text.LPS22HB_T_Read_Reg
                0x08008874       0x2e Drivers/BSP/Components/LPS22HB_Driver_HL.o
 .text.LPS22HB_T_Write_Reg
                0x080088a2       0x30 Drivers/BSP/Components/LPS22HB_Driver_HL.o
 .text.LPS22HB_T_Get_DRDY_Status
                0x080088d2       0x30 Drivers/BSP/Components/LPS22HB_Driver_HL.o
 *fill*         0x08008902        0x2 
 .text.LPS22HB_Initialize
                0x08008904       0xbc Drivers/BSP/Components/LPS22HB_Driver_HL.o
 .text.LPS22HB_Get_WhoAmI
                0x080089c0       0x26 Drivers/BSP/Components/LPS22HB_Driver_HL.o
 .text.LPS22HB_Check_WhoAmI
                0x080089e6       0x3a Drivers/BSP/Components/LPS22HB_Driver_HL.o
 .text.LPS22HB_Get_Press
                0x08008a20       0x4c Drivers/BSP/Components/LPS22HB_Driver_HL.o
 .text.LPS22HB_Get_Temp
                0x08008a6c       0x48 Drivers/BSP/Components/LPS22HB_Driver_HL.o
 .text.LPS22HB_Get_ODR
                0x08008ab4       0xa0 Drivers/BSP/Components/LPS22HB_Driver_HL.o
 .text.LPS22HB_Set_ODR_When_Enabled
                0x08008b54       0x88 Drivers/BSP/Components/LPS22HB_Driver_HL.o
 .text.LPS22HB_Set_ODR_When_Disabled
                0x08008bdc       0x7c Drivers/BSP/Components/LPS22HB_Driver_HL.o
 .text.LPS22HB_Set_ODR_Value_When_Enabled
                0x08008c58       0xa4 Drivers/BSP/Components/LPS22HB_Driver_HL.o
 .text.LPS22HB_Set_ODR_Value_When_Disabled
                0x08008cfc       0x90 Drivers/BSP/Components/LPS22HB_Driver_HL.o
 .text.LPS22HB_Read_Reg
                0x08008d8c       0x2e Drivers/BSP/Components/LPS22HB_Driver_HL.o
 .text.LPS22HB_Write_Reg
                0x08008dba       0x30 Drivers/BSP/Components/LPS22HB_Driver_HL.o
 .text.LPS22HB_FIFO_Get_Empty_Status
                0x08008dea       0x30 Drivers/BSP/Components/LPS22HB_Driver_HL.o
 .text.LPS22HB_FIFO_Get_Full_Status
                0x08008e1a       0x30 Drivers/BSP/Components/LPS22HB_Driver_HL.o
 .text.LPS22HB_FIFO_Get_Ovr_Status
                0x08008e4a       0x30 Drivers/BSP/Components/LPS22HB_Driver_HL.o
 .text.LPS22HB_FIFO_Get_Fth_Status
                0x08008e7a       0x30 Drivers/BSP/Components/LPS22HB_Driver_HL.o
 .text.LPS22HB_FIFO_Stop_On_Fth
                0x08008eaa       0x38 Drivers/BSP/Components/LPS22HB_Driver_HL.o
 .text.LPS22HB_FIFO_Usage
                0x08008ee2       0x38 Drivers/BSP/Components/LPS22HB_Driver_HL.o
 .text.LPS22HB_FIFO_Get_Num_Of_Samples
                0x08008f1a       0x30 Drivers/BSP/Components/LPS22HB_Driver_HL.o
 .text.LPS22HB_FIFO_Get_Data
                0x08008f4a       0x3a Drivers/BSP/Components/LPS22HB_Driver_HL.o
 .text.LPS22HB_FIFO_Get_Mode
                0x08008f84       0x30 Drivers/BSP/Components/LPS22HB_Driver_HL.o
 .text.LPS22HB_FIFO_Set_Mode
                0x08008fb4       0x50 Drivers/BSP/Components/LPS22HB_Driver_HL.o
 .text.LPS22HB_FIFO_Get_Watermark_Level
                0x08009004       0x26 Drivers/BSP/Components/LPS22HB_Driver_HL.o
 .text.LPS22HB_FIFO_Set_Watermark_Level
                0x0800902a       0x2a Drivers/BSP/Components/LPS22HB_Driver_HL.o
 .text.LPS22HB_FIFO_Watermark_Usage
                0x08009054       0x38 Drivers/BSP/Components/LPS22HB_Driver_HL.o
 .text.LPS22HB_FIFO_Set_Interrupt
                0x0800908c       0x68 Drivers/BSP/Components/LPS22HB_Driver_HL.o
 .text.LPS22HB_FIFO_Reset_Interrupt
                0x080090f4       0x68 Drivers/BSP/Components/LPS22HB_Driver_HL.o
 .text.LSM303AGR_ACC_WriteReg
                0x0800915c       0x34 Drivers/BSP/Components/LSM303AGR_ACC_driver.o
                0x0800915c                LSM303AGR_ACC_WriteReg
 .text.LSM303AGR_ACC_ReadReg
                0x08009190       0x34 Drivers/BSP/Components/LSM303AGR_ACC_driver.o
                0x08009190                LSM303AGR_ACC_ReadReg
 .text.LSM303AGR_ACC_R_WHO_AM_I
                0x080091c4       0x3a Drivers/BSP/Components/LSM303AGR_ACC_driver.o
                0x080091c4                LSM303AGR_ACC_R_WHO_AM_I
 .text.LSM303AGR_ACC_W_BlockDataUpdate
                0x080091fe       0x5a Drivers/BSP/Components/LSM303AGR_ACC_driver.o
                0x080091fe                LSM303AGR_ACC_W_BlockDataUpdate
 .text.LSM303AGR_ACC_W_FullScale
                0x08009258       0x5a Drivers/BSP/Components/LSM303AGR_ACC_driver.o
                0x08009258                LSM303AGR_ACC_W_FullScale
 .text.LSM303AGR_ACC_R_FullScale
                0x080092b2       0x38 Drivers/BSP/Components/LSM303AGR_ACC_driver.o
                0x080092b2                LSM303AGR_ACC_R_FullScale
 .text.LSM303AGR_ACC_Get_Raw_Acceleration
                0x080092ea       0x2a Drivers/BSP/Components/LSM303AGR_ACC_driver.o
                0x080092ea                LSM303AGR_ACC_Get_Raw_Acceleration
 .text.LSM303AGR_ACC_Get_Acceleration
                0x08009314      0x1cc Drivers/BSP/Components/LSM303AGR_ACC_driver.o
                0x08009314                LSM303AGR_ACC_Get_Acceleration
 .text.LSM303AGR_ACC_W_ODR
                0x080094e0       0x5a Drivers/BSP/Components/LSM303AGR_ACC_driver.o
                0x080094e0                LSM303AGR_ACC_W_ODR
 .text.LSM303AGR_ACC_R_ODR
                0x0800953a       0x38 Drivers/BSP/Components/LSM303AGR_ACC_driver.o
                0x0800953a                LSM303AGR_ACC_R_ODR
 .text.LSM303AGR_ACC_W_XEN
                0x08009572       0x5a Drivers/BSP/Components/LSM303AGR_ACC_driver.o
                0x08009572                LSM303AGR_ACC_W_XEN
 .text.LSM303AGR_ACC_R_XEN
                0x080095cc       0x38 Drivers/BSP/Components/LSM303AGR_ACC_driver.o
                0x080095cc                LSM303AGR_ACC_R_XEN
 .text.LSM303AGR_ACC_W_YEN
                0x08009604       0x5a Drivers/BSP/Components/LSM303AGR_ACC_driver.o
                0x08009604                LSM303AGR_ACC_W_YEN
 .text.LSM303AGR_ACC_R_YEN
                0x0800965e       0x38 Drivers/BSP/Components/LSM303AGR_ACC_driver.o
                0x0800965e                LSM303AGR_ACC_R_YEN
 .text.LSM303AGR_ACC_W_ZEN
                0x08009696       0x5a Drivers/BSP/Components/LSM303AGR_ACC_driver.o
                0x08009696                LSM303AGR_ACC_W_ZEN
 .text.LSM303AGR_ACC_R_ZEN
                0x080096f0       0x38 Drivers/BSP/Components/LSM303AGR_ACC_driver.o
                0x080096f0                LSM303AGR_ACC_R_ZEN
 .text.LSM303AGR_ACC_R_LOWPWR_EN
                0x08009728       0x38 Drivers/BSP/Components/LSM303AGR_ACC_driver.o
                0x08009728                LSM303AGR_ACC_R_LOWPWR_EN
 .text.LSM303AGR_ACC_R_HiRes
                0x08009760       0x38 Drivers/BSP/Components/LSM303AGR_ACC_driver.o
                0x08009760                LSM303AGR_ACC_R_HiRes
 .text.LSM303AGR_ACC_R_XDataAvail
                0x08009798       0x38 Drivers/BSP/Components/LSM303AGR_ACC_driver.o
                0x08009798                LSM303AGR_ACC_R_XDataAvail
 .text.LSM303AGR_ACC_W_FifoMode
                0x080097d0       0x5a Drivers/BSP/Components/LSM303AGR_ACC_driver.o
                0x080097d0                LSM303AGR_ACC_W_FifoMode
 *fill*         0x0800982a        0x2 
 .text.LSM303AGR_X_Init
                0x0800982c       0xc0 Drivers/BSP/Components/LSM303AGR_ACC_driver_HL.o
 .text.LSM303AGR_X_DeInit
                0x080098ec       0x58 Drivers/BSP/Components/LSM303AGR_ACC_driver_HL.o
 .text.LSM303AGR_X_Sensor_Enable
                0x08009944       0x4a Drivers/BSP/Components/LSM303AGR_ACC_driver_HL.o
 .text.LSM303AGR_X_Sensor_Disable
                0x0800998e       0x58 Drivers/BSP/Components/LSM303AGR_ACC_driver_HL.o
 .text.LSM303AGR_X_Get_WhoAmI
                0x080099e6       0x26 Drivers/BSP/Components/LSM303AGR_ACC_driver_HL.o
 .text.LSM303AGR_X_Check_WhoAmI
                0x08009a0c       0x3a Drivers/BSP/Components/LSM303AGR_ACC_driver_HL.o
 .text.LSM303AGR_X_Get_Axes
                0x08009a46       0x3c Drivers/BSP/Components/LSM303AGR_ACC_driver_HL.o
 .text.LSM303AGR_X_Get_AxesRaw
                0x08009a82       0x42 Drivers/BSP/Components/LSM303AGR_ACC_driver_HL.o
 .text.LSM303AGR_X_Get_Sensitivity
                0x08009ac4       0x88 Drivers/BSP/Components/LSM303AGR_ACC_driver_HL.o
 .text.LSM303AGR_X_Get_ODR
                0x08009b4c       0xc4 Drivers/BSP/Components/LSM303AGR_ACC_driver_HL.o
 .text.LSM303AGR_X_Set_ODR
                0x08009c10       0x46 Drivers/BSP/Components/LSM303AGR_ACC_driver_HL.o
 .text.LSM303AGR_X_Set_ODR_Value
                0x08009c56       0x46 Drivers/BSP/Components/LSM303AGR_ACC_driver_HL.o
 .text.LSM303AGR_X_Get_FS
                0x08009c9c       0x7c Drivers/BSP/Components/LSM303AGR_ACC_driver_HL.o
 .text.LSM303AGR_X_Set_FS
                0x08009d18       0x4e Drivers/BSP/Components/LSM303AGR_ACC_driver_HL.o
 .text.LSM303AGR_X_Set_FS_Value
                0x08009d66       0x70 Drivers/BSP/Components/LSM303AGR_ACC_driver_HL.o
 .text.LSM303AGR_X_Get_Axes_Status
                0x08009dd6       0x8c Drivers/BSP/Components/LSM303AGR_ACC_driver_HL.o
 .text.LSM303AGR_X_Set_Axes_Status
                0x08009e62       0x78 Drivers/BSP/Components/LSM303AGR_ACC_driver_HL.o
 .text.LSM303AGR_X_Read_Reg
                0x08009eda       0x2e Drivers/BSP/Components/LSM303AGR_ACC_driver_HL.o
 .text.LSM303AGR_X_Write_Reg
                0x08009f08       0x30 Drivers/BSP/Components/LSM303AGR_ACC_driver_HL.o
 .text.LSM303AGR_X_Get_DRDY_Status
                0x08009f38       0x48 Drivers/BSP/Components/LSM303AGR_ACC_driver_HL.o
 .text.LSM303AGR_X_Get_Axes_Raw
                0x08009f80       0xce Drivers/BSP/Components/LSM303AGR_ACC_driver_HL.o
 *fill*         0x0800a04e        0x2 
 .text.LSM303AGR_X_Set_ODR_When_Enabled
                0x0800a050       0x6c Drivers/BSP/Components/LSM303AGR_ACC_driver_HL.o
 .text.LSM303AGR_X_Set_ODR_When_Disabled
                0x0800a0bc       0x84 Drivers/BSP/Components/LSM303AGR_ACC_driver_HL.o
 .text.LSM303AGR_X_Set_ODR_Value_When_Enabled
                0x0800a140       0xc0 Drivers/BSP/Components/LSM303AGR_ACC_driver_HL.o
 .text.LSM303AGR_X_Set_ODR_Value_When_Disabled
                0x0800a200       0xd8 Drivers/BSP/Components/LSM303AGR_ACC_driver_HL.o
 .text.LSM303AGR_X_Get_Sensitivity_Normal_Mode
                0x0800a2d8       0x84 Drivers/BSP/Components/LSM303AGR_ACC_driver_HL.o
 .text.LSM303AGR_X_Get_Sensitivity_LP_Mode
                0x0800a35c       0x84 Drivers/BSP/Components/LSM303AGR_ACC_driver_HL.o
 .text.LSM303AGR_X_Get_Sensitivity_HR_Mode
                0x0800a3e0       0x84 Drivers/BSP/Components/LSM303AGR_ACC_driver_HL.o
 .text.LSM303AGR_MAG_WriteReg
                0x0800a464       0x34 Drivers/BSP/Components/LSM303AGR_MAG_driver.o
                0x0800a464                LSM303AGR_MAG_WriteReg
 .text.LSM303AGR_MAG_ReadReg
                0x0800a498       0x34 Drivers/BSP/Components/LSM303AGR_MAG_driver.o
                0x0800a498                LSM303AGR_MAG_ReadReg
 .text.LSM303AGR_MAG_R_WHO_AM_I
                0x0800a4cc       0x3a Drivers/BSP/Components/LSM303AGR_MAG_driver.o
                0x0800a4cc                LSM303AGR_MAG_R_WHO_AM_I
 .text.LSM303AGR_MAG_W_BDU
                0x0800a506       0x5a Drivers/BSP/Components/LSM303AGR_MAG_driver.o
                0x0800a506                LSM303AGR_MAG_W_BDU
 .text.LSM303AGR_MAG_W_MD
                0x0800a560       0x5a Drivers/BSP/Components/LSM303AGR_MAG_driver.o
                0x0800a560                LSM303AGR_MAG_W_MD
 .text.LSM303AGR_MAG_Get_Raw_Magnetic
                0x0800a5ba       0x2a Drivers/BSP/Components/LSM303AGR_MAG_driver.o
                0x0800a5ba                LSM303AGR_MAG_Get_Raw_Magnetic
 .text.LSM303AGR_MAG_W_ODR
                0x0800a5e4       0x5a Drivers/BSP/Components/LSM303AGR_MAG_driver.o
                0x0800a5e4                LSM303AGR_MAG_W_ODR
 .text.LSM303AGR_MAG_R_ODR
                0x0800a63e       0x38 Drivers/BSP/Components/LSM303AGR_MAG_driver.o
                0x0800a63e                LSM303AGR_MAG_R_ODR
 .text.LSM303AGR_MAG_W_ST
                0x0800a676       0x5a Drivers/BSP/Components/LSM303AGR_MAG_driver.o
                0x0800a676                LSM303AGR_MAG_W_ST
 .text.LSM303AGR_MAG_W_I2C_DIS
                0x0800a6d0       0x5a Drivers/BSP/Components/LSM303AGR_MAG_driver.o
                0x0800a6d0                LSM303AGR_MAG_W_I2C_DIS
 .text.LSM303AGR_MAG_R_ZYXDA
                0x0800a72a       0x38 Drivers/BSP/Components/LSM303AGR_MAG_driver.o
                0x0800a72a                LSM303AGR_MAG_R_ZYXDA
 .text.LSM303AGR_M_Init
                0x0800a762       0x9a Drivers/BSP/Components/LSM303AGR_MAG_driver_HL.o
 .text.LSM303AGR_M_DeInit
                0x0800a7fc       0x50 Drivers/BSP/Components/LSM303AGR_MAG_driver_HL.o
 .text.LSM303AGR_M_Sensor_Enable
                0x0800a84c       0x36 Drivers/BSP/Components/LSM303AGR_MAG_driver_HL.o
 .text.LSM303AGR_M_Sensor_Disable
                0x0800a882       0x36 Drivers/BSP/Components/LSM303AGR_MAG_driver_HL.o
 .text.LSM303AGR_M_Get_WhoAmI
                0x0800a8b8       0x26 Drivers/BSP/Components/LSM303AGR_MAG_driver_HL.o
 .text.LSM303AGR_M_Check_WhoAmI
                0x0800a8de       0x3a Drivers/BSP/Components/LSM303AGR_MAG_driver_HL.o
 .text.LSM303AGR_M_Get_Axes
                0x0800a918       0xa6 Drivers/BSP/Components/LSM303AGR_MAG_driver_HL.o
 .text.LSM303AGR_M_Get_AxesRaw
                0x0800a9be       0x42 Drivers/BSP/Components/LSM303AGR_MAG_driver_HL.o
 .text.LSM303AGR_M_Get_Sensitivity
                0x0800aa00       0x20 Drivers/BSP/Components/LSM303AGR_MAG_driver_HL.o
 .text.LSM303AGR_M_Get_ODR
                0x0800aa20       0xa8 Drivers/BSP/Components/LSM303AGR_MAG_driver_HL.o
 .text.LSM303AGR_M_Set_ODR
                0x0800aac8       0x6c Drivers/BSP/Components/LSM303AGR_MAG_driver_HL.o
 .text.LSM303AGR_M_Set_ODR_Value
                0x0800ab34       0x74 Drivers/BSP/Components/LSM303AGR_MAG_driver_HL.o
 .text.LSM303AGR_M_Get_FS
                0x0800aba8       0x24 Drivers/BSP/Components/LSM303AGR_MAG_driver_HL.o
 .text.LSM303AGR_M_Set_FS
                0x0800abcc       0x1a Drivers/BSP/Components/LSM303AGR_MAG_driver_HL.o
 .text.LSM303AGR_M_Set_FS_Value
                0x0800abe6       0x1a Drivers/BSP/Components/LSM303AGR_MAG_driver_HL.o
 .text.LSM303AGR_M_Read_Reg
                0x0800ac00       0x2e Drivers/BSP/Components/LSM303AGR_MAG_driver_HL.o
 .text.LSM303AGR_M_Write_Reg
                0x0800ac2e       0x30 Drivers/BSP/Components/LSM303AGR_MAG_driver_HL.o
 .text.LSM303AGR_M_Get_DRDY_Status
                0x0800ac5e       0x48 Drivers/BSP/Components/LSM303AGR_MAG_driver_HL.o
 .text.LSM303AGR_M_Get_Axes_Raw
                0x0800aca6       0x5c Drivers/BSP/Components/LSM303AGR_MAG_driver_HL.o
 .text.LSM6DSM_ACC_GYRO_ReadReg
                0x0800ad02       0x2e Drivers/BSP/Components/LSM6DSM_ACC_GYRO_driver.o
                0x0800ad02                LSM6DSM_ACC_GYRO_ReadReg
 .text.LSM6DSM_ACC_GYRO_WriteReg
                0x0800ad30       0x30 Drivers/BSP/Components/LSM6DSM_ACC_GYRO_driver.o
                0x0800ad30                LSM6DSM_ACC_GYRO_WriteReg
 .text.LSM6DSM_ACC_GYRO_W_EmbeddedAccess
                0x0800ad60       0x58 Drivers/BSP/Components/LSM6DSM_ACC_GYRO_driver.o
                0x0800ad60                LSM6DSM_ACC_GYRO_W_EmbeddedAccess
 .text.LSM6DSM_ACC_GYRO_W_FIFO_MODE
                0x0800adb8       0x58 Drivers/BSP/Components/LSM6DSM_ACC_GYRO_driver.o
                0x0800adb8                LSM6DSM_ACC_GYRO_W_FIFO_MODE
 .text.LSM6DSM_ACC_GYRO_W_STEP_DELTA_on_INT2
                0x0800ae10       0x58 Drivers/BSP/Components/LSM6DSM_ACC_GYRO_driver.o
                0x0800ae10                LSM6DSM_ACC_GYRO_W_STEP_DELTA_on_INT2
 .text.LSM6DSM_ACC_GYRO_R_WHO_AM_I
                0x0800ae68       0x38 Drivers/BSP/Components/LSM6DSM_ACC_GYRO_driver.o
                0x0800ae68                LSM6DSM_ACC_GYRO_R_WHO_AM_I
 .text.LSM6DSM_ACC_GYRO_W_FS_XL
                0x0800aea0       0x58 Drivers/BSP/Components/LSM6DSM_ACC_GYRO_driver.o
                0x0800aea0                LSM6DSM_ACC_GYRO_W_FS_XL
 .text.LSM6DSM_ACC_GYRO_R_FS_XL
                0x0800aef8       0x36 Drivers/BSP/Components/LSM6DSM_ACC_GYRO_driver.o
                0x0800aef8                LSM6DSM_ACC_GYRO_R_FS_XL
 .text.LSM6DSM_ACC_GYRO_W_ODR_XL
                0x0800af2e       0x58 Drivers/BSP/Components/LSM6DSM_ACC_GYRO_driver.o
                0x0800af2e                LSM6DSM_ACC_GYRO_W_ODR_XL
 .text.LSM6DSM_ACC_GYRO_R_ODR_XL
                0x0800af86       0x36 Drivers/BSP/Components/LSM6DSM_ACC_GYRO_driver.o
                0x0800af86                LSM6DSM_ACC_GYRO_R_ODR_XL
 .text.LSM6DSM_ACC_GYRO_W_FS_125
                0x0800afbc       0x58 Drivers/BSP/Components/LSM6DSM_ACC_GYRO_driver.o
                0x0800afbc                LSM6DSM_ACC_GYRO_W_FS_125
 .text.LSM6DSM_ACC_GYRO_R_FS_125
                0x0800b014       0x36 Drivers/BSP/Components/LSM6DSM_ACC_GYRO_driver.o
                0x0800b014                LSM6DSM_ACC_GYRO_R_FS_125
 .text.LSM6DSM_ACC_GYRO_W_FS_G
                0x0800b04a       0x58 Drivers/BSP/Components/LSM6DSM_ACC_GYRO_driver.o
                0x0800b04a                LSM6DSM_ACC_GYRO_W_FS_G
 .text.LSM6DSM_ACC_GYRO_R_FS_G
                0x0800b0a2       0x36 Drivers/BSP/Components/LSM6DSM_ACC_GYRO_driver.o
                0x0800b0a2                LSM6DSM_ACC_GYRO_R_FS_G
 .text.LSM6DSM_ACC_GYRO_W_ODR_G
                0x0800b0d8       0x58 Drivers/BSP/Components/LSM6DSM_ACC_GYRO_driver.o
                0x0800b0d8                LSM6DSM_ACC_GYRO_W_ODR_G
 .text.LSM6DSM_ACC_GYRO_R_ODR_G
                0x0800b130       0x36 Drivers/BSP/Components/LSM6DSM_ACC_GYRO_driver.o
                0x0800b130                LSM6DSM_ACC_GYRO_R_ODR_G
 .text.LSM6DSM_ACC_GYRO_W_IF_Addr_Incr
                0x0800b166       0x58 Drivers/BSP/Components/LSM6DSM_ACC_GYRO_driver.o
                0x0800b166                LSM6DSM_ACC_GYRO_W_IF_Addr_Incr
 .text.LSM6DSM_ACC_GYRO_W_BDU
                0x0800b1be       0x58 Drivers/BSP/Components/LSM6DSM_ACC_GYRO_driver.o
                0x0800b1be                LSM6DSM_ACC_GYRO_W_BDU
 .text.LSM6DSM_ACC_GYRO_W_I2C_DISABLE
                0x0800b216       0x58 Drivers/BSP/Components/LSM6DSM_ACC_GYRO_driver.o
                0x0800b216                LSM6DSM_ACC_GYRO_W_I2C_DISABLE
 .text.LSM6DSM_ACC_GYRO_W_PedoStepReset
                0x0800b26e       0x58 Drivers/BSP/Components/LSM6DSM_ACC_GYRO_driver.o
                0x0800b26e                LSM6DSM_ACC_GYRO_W_PedoStepReset
 .text.LSM6DSM_ACC_GYRO_W_TILT
                0x0800b2c6       0x58 Drivers/BSP/Components/LSM6DSM_ACC_GYRO_driver.o
                0x0800b2c6                LSM6DSM_ACC_GYRO_W_TILT
 .text.LSM6DSM_ACC_GYRO_W_PEDO
                0x0800b31e       0x58 Drivers/BSP/Components/LSM6DSM_ACC_GYRO_driver.o
                0x0800b31e                LSM6DSM_ACC_GYRO_W_PEDO
 .text.LSM6DSM_ACC_GYRO_W_FUNC_EN
                0x0800b376       0x58 Drivers/BSP/Components/LSM6DSM_ACC_GYRO_driver.o
                0x0800b376                LSM6DSM_ACC_GYRO_W_FUNC_EN
 .text.LSM6DSM_ACC_GYRO_R_WU_EV_STATUS
                0x0800b3ce       0x36 Drivers/BSP/Components/LSM6DSM_ACC_GYRO_driver.o
                0x0800b3ce                LSM6DSM_ACC_GYRO_R_WU_EV_STATUS
 .text.LSM6DSM_ACC_GYRO_R_FF_EV_STATUS
                0x0800b404       0x36 Drivers/BSP/Components/LSM6DSM_ACC_GYRO_driver.o
                0x0800b404                LSM6DSM_ACC_GYRO_R_FF_EV_STATUS
 .text.LSM6DSM_ACC_GYRO_R_DOUBLE_TAP_EV_STATUS
                0x0800b43a       0x36 Drivers/BSP/Components/LSM6DSM_ACC_GYRO_driver.o
                0x0800b43a                LSM6DSM_ACC_GYRO_R_DOUBLE_TAP_EV_STATUS
 .text.LSM6DSM_ACC_GYRO_R_SINGLE_TAP_EV_STATUS
                0x0800b470       0x36 Drivers/BSP/Components/LSM6DSM_ACC_GYRO_driver.o
                0x0800b470                LSM6DSM_ACC_GYRO_R_SINGLE_TAP_EV_STATUS
 .text.LSM6DSM_ACC_GYRO_R_DSD_XL
                0x0800b4a6       0x36 Drivers/BSP/Components/LSM6DSM_ACC_GYRO_driver.o
                0x0800b4a6                LSM6DSM_ACC_GYRO_R_DSD_XL
 .text.LSM6DSM_ACC_GYRO_R_DSD_XH
                0x0800b4dc       0x36 Drivers/BSP/Components/LSM6DSM_ACC_GYRO_driver.o
                0x0800b4dc                LSM6DSM_ACC_GYRO_R_DSD_XH
 .text.LSM6DSM_ACC_GYRO_R_DSD_YL
                0x0800b512       0x36 Drivers/BSP/Components/LSM6DSM_ACC_GYRO_driver.o
                0x0800b512                LSM6DSM_ACC_GYRO_R_DSD_YL
 .text.LSM6DSM_ACC_GYRO_R_DSD_YH
                0x0800b548       0x36 Drivers/BSP/Components/LSM6DSM_ACC_GYRO_driver.o
                0x0800b548                LSM6DSM_ACC_GYRO_R_DSD_YH
 .text.LSM6DSM_ACC_GYRO_R_DSD_ZL
                0x0800b57e       0x36 Drivers/BSP/Components/LSM6DSM_ACC_GYRO_driver.o
                0x0800b57e                LSM6DSM_ACC_GYRO_R_DSD_ZL
 .text.LSM6DSM_ACC_GYRO_R_DSD_ZH
                0x0800b5b4       0x36 Drivers/BSP/Components/LSM6DSM_ACC_GYRO_driver.o
                0x0800b5b4                LSM6DSM_ACC_GYRO_R_DSD_ZH
 .text.LSM6DSM_ACC_GYRO_R_D6D_EV_STATUS
                0x0800b5ea       0x36 Drivers/BSP/Components/LSM6DSM_ACC_GYRO_driver.o
                0x0800b5ea                LSM6DSM_ACC_GYRO_R_D6D_EV_STATUS
 .text.LSM6DSM_ACC_GYRO_R_XLDA
                0x0800b620       0x36 Drivers/BSP/Components/LSM6DSM_ACC_GYRO_driver.o
                0x0800b620                LSM6DSM_ACC_GYRO_R_XLDA
 .text.LSM6DSM_ACC_GYRO_R_GDA
                0x0800b656       0x36 Drivers/BSP/Components/LSM6DSM_ACC_GYRO_driver.o
                0x0800b656                LSM6DSM_ACC_GYRO_R_GDA
 .text.LSM6DSM_ACC_GYRO_R_PEDO_EV_STATUS
                0x0800b68c       0x36 Drivers/BSP/Components/LSM6DSM_ACC_GYRO_driver.o
                0x0800b68c                LSM6DSM_ACC_GYRO_R_PEDO_EV_STATUS
 .text.LSM6DSM_ACC_GYRO_R_TILT_EV_STATUS
                0x0800b6c2       0x36 Drivers/BSP/Components/LSM6DSM_ACC_GYRO_driver.o
                0x0800b6c2                LSM6DSM_ACC_GYRO_R_TILT_EV_STATUS
 .text.LSM6DSM_ACC_GYRO_W_TAP_Z_EN
                0x0800b6f8       0x58 Drivers/BSP/Components/LSM6DSM_ACC_GYRO_driver.o
                0x0800b6f8                LSM6DSM_ACC_GYRO_W_TAP_Z_EN
 .text.LSM6DSM_ACC_GYRO_W_TAP_Y_EN
                0x0800b750       0x58 Drivers/BSP/Components/LSM6DSM_ACC_GYRO_driver.o
                0x0800b750                LSM6DSM_ACC_GYRO_W_TAP_Y_EN
 .text.LSM6DSM_ACC_GYRO_W_TAP_X_EN
                0x0800b7a8       0x58 Drivers/BSP/Components/LSM6DSM_ACC_GYRO_driver.o
                0x0800b7a8                LSM6DSM_ACC_GYRO_W_TAP_X_EN
 .text.LSM6DSM_ACC_GYRO_W_BASIC_INT
                0x0800b800       0x58 Drivers/BSP/Components/LSM6DSM_ACC_GYRO_driver.o
                0x0800b800                LSM6DSM_ACC_GYRO_W_BASIC_INT
 .text.LSM6DSM_ACC_GYRO_W_TAP_THS
                0x0800b858       0x60 Drivers/BSP/Components/LSM6DSM_ACC_GYRO_driver.o
                0x0800b858                LSM6DSM_ACC_GYRO_W_TAP_THS
 .text.LSM6DSM_ACC_GYRO_W_SIXD_THS
                0x0800b8b8       0x58 Drivers/BSP/Components/LSM6DSM_ACC_GYRO_driver.o
                0x0800b8b8                LSM6DSM_ACC_GYRO_W_SIXD_THS
 .text.LSM6DSM_ACC_GYRO_W_SHOCK_Duration
                0x0800b910       0x60 Drivers/BSP/Components/LSM6DSM_ACC_GYRO_driver.o
                0x0800b910                LSM6DSM_ACC_GYRO_W_SHOCK_Duration
 .text.LSM6DSM_ACC_GYRO_W_QUIET_Duration
                0x0800b970       0x66 Drivers/BSP/Components/LSM6DSM_ACC_GYRO_driver.o
                0x0800b970                LSM6DSM_ACC_GYRO_W_QUIET_Duration
 .text.LSM6DSM_ACC_GYRO_W_DUR
                0x0800b9d6       0x66 Drivers/BSP/Components/LSM6DSM_ACC_GYRO_driver.o
                0x0800b9d6                LSM6DSM_ACC_GYRO_W_DUR
 .text.LSM6DSM_ACC_GYRO_W_WK_THS
                0x0800ba3c       0x60 Drivers/BSP/Components/LSM6DSM_ACC_GYRO_driver.o
                0x0800ba3c                LSM6DSM_ACC_GYRO_W_WK_THS
 .text.LSM6DSM_ACC_GYRO_W_SINGLE_DOUBLE_TAP_EV
                0x0800ba9c       0x58 Drivers/BSP/Components/LSM6DSM_ACC_GYRO_driver.o
                0x0800ba9c                LSM6DSM_ACC_GYRO_W_SINGLE_DOUBLE_TAP_EV
 .text.LSM6DSM_ACC_GYRO_W_SLEEP_DUR
                0x0800baf4       0x60 Drivers/BSP/Components/LSM6DSM_ACC_GYRO_driver.o
                0x0800baf4                LSM6DSM_ACC_GYRO_W_SLEEP_DUR
 .text.LSM6DSM_ACC_GYRO_W_TIMER_HR
                0x0800bb54       0x58 Drivers/BSP/Components/LSM6DSM_ACC_GYRO_driver.o
                0x0800bb54                LSM6DSM_ACC_GYRO_W_TIMER_HR
 .text.LSM6DSM_ACC_GYRO_W_WAKE_DUR
                0x0800bbac       0x66 Drivers/BSP/Components/LSM6DSM_ACC_GYRO_driver.o
                0x0800bbac                LSM6DSM_ACC_GYRO_W_WAKE_DUR
 .text.LSM6DSM_ACC_GYRO_W_FF_THS
                0x0800bc12       0x58 Drivers/BSP/Components/LSM6DSM_ACC_GYRO_driver.o
                0x0800bc12                LSM6DSM_ACC_GYRO_W_FF_THS
 .text.LSM6DSM_ACC_GYRO_W_FF_Duration
                0x0800bc6a       0xca Drivers/BSP/Components/LSM6DSM_ACC_GYRO_driver.o
                0x0800bc6a                LSM6DSM_ACC_GYRO_W_FF_Duration
 .text.LSM6DSM_ACC_GYRO_W_TiltEvOnInt2
                0x0800bd34       0x58 Drivers/BSP/Components/LSM6DSM_ACC_GYRO_driver.o
                0x0800bd34                LSM6DSM_ACC_GYRO_W_TiltEvOnInt2
 .text.LSM6DSM_ACC_GYRO_W_6DEvOnInt2
                0x0800bd8c       0x58 Drivers/BSP/Components/LSM6DSM_ACC_GYRO_driver.o
                0x0800bd8c                LSM6DSM_ACC_GYRO_W_6DEvOnInt2
 .text.LSM6DSM_ACC_GYRO_W_TapEvOnInt2
                0x0800bde4       0x58 Drivers/BSP/Components/LSM6DSM_ACC_GYRO_driver.o
                0x0800bde4                LSM6DSM_ACC_GYRO_W_TapEvOnInt2
 .text.LSM6DSM_ACC_GYRO_W_FFEvOnInt2
                0x0800be3c       0x58 Drivers/BSP/Components/LSM6DSM_ACC_GYRO_driver.o
                0x0800be3c                LSM6DSM_ACC_GYRO_W_FFEvOnInt2
 .text.LSM6DSM_ACC_GYRO_W_WUEvOnInt2
                0x0800be94       0x58 Drivers/BSP/Components/LSM6DSM_ACC_GYRO_driver.o
                0x0800be94                LSM6DSM_ACC_GYRO_W_WUEvOnInt2
 .text.LSM6DSM_ACC_GYRO_W_SingleTapOnInt2
                0x0800beec       0x58 Drivers/BSP/Components/LSM6DSM_ACC_GYRO_driver.o
                0x0800beec                LSM6DSM_ACC_GYRO_W_SingleTapOnInt2
 .text.LSM6DSM_ACC_GYRO_GetRawGyroData
                0x0800bf44       0x66 Drivers/BSP/Components/LSM6DSM_ACC_GYRO_driver.o
                0x0800bf44                LSM6DSM_ACC_GYRO_GetRawGyroData
 .text.LSM6DSM_ACC_GYRO_GetRawAccData
                0x0800bfaa       0x66 Drivers/BSP/Components/LSM6DSM_ACC_GYRO_driver.o
                0x0800bfaa                LSM6DSM_ACC_GYRO_GetRawAccData
 .text.LSM6DSM_ACC_GYRO_Get_GetStepCounter
                0x0800c010       0x66 Drivers/BSP/Components/LSM6DSM_ACC_GYRO_driver.o
                0x0800c010                LSM6DSM_ACC_GYRO_Get_GetStepCounter
 .text.LSM6DSM_ACC_GYRO_W_PedoThreshold
                0x0800c076       0x88 Drivers/BSP/Components/LSM6DSM_ACC_GYRO_driver.o
                0x0800c076                LSM6DSM_ACC_GYRO_W_PedoThreshold
 *fill*         0x0800c0fe        0x2 
 .text.LSM6DSM_X_Init
                0x0800c100       0xa4 Drivers/BSP/Components/LSM6DSM_ACC_GYRO_driver_HL.o
 .text.LSM6DSM_X_DeInit
                0x0800c1a4       0xc8 Drivers/BSP/Components/LSM6DSM_ACC_GYRO_driver_HL.o
 .text.LSM6DSM_X_Sensor_Enable
                0x0800c26c       0x4a Drivers/BSP/Components/LSM6DSM_ACC_GYRO_driver_HL.o
 .text.LSM6DSM_X_Sensor_Disable
                0x0800c2b6       0x58 Drivers/BSP/Components/LSM6DSM_ACC_GYRO_driver_HL.o
 .text.LSM6DSM_X_Get_WhoAmI
                0x0800c30e       0x1c Drivers/BSP/Components/LSM6DSM_ACC_GYRO_driver_HL.o
 .text.LSM6DSM_X_Check_WhoAmI
                0x0800c32a       0x18 Drivers/BSP/Components/LSM6DSM_ACC_GYRO_driver_HL.o
 .text.LSM6DSM_X_Get_Axes
                0x0800c342       0xa6 Drivers/BSP/Components/LSM6DSM_ACC_GYRO_driver_HL.o
 .text.LSM6DSM_X_Get_AxesRaw
                0x0800c3e8       0x42 Drivers/BSP/Components/LSM6DSM_ACC_GYRO_driver_HL.o
 *fill*         0x0800c42a        0x2 
 .text.LSM6DSM_X_Get_Sensitivity
                0x0800c42c       0xa8 Drivers/BSP/Components/LSM6DSM_ACC_GYRO_driver_HL.o
 .text.LSM6DSM_X_Get_ODR
                0x0800c4d4       0xfc Drivers/BSP/Components/LSM6DSM_ACC_GYRO_driver_HL.o
 .text.LSM6DSM_X_Set_ODR
                0x0800c5d0       0x46 Drivers/BSP/Components/LSM6DSM_ACC_GYRO_driver_HL.o
 .text.LSM6DSM_X_Set_ODR_Value
                0x0800c616       0x46 Drivers/BSP/Components/LSM6DSM_ACC_GYRO_driver_HL.o
 .text.LSM6DSM_X_Get_FS
                0x0800c65c       0xa0 Drivers/BSP/Components/LSM6DSM_ACC_GYRO_driver_HL.o
 .text.LSM6DSM_X_Set_FS
                0x0800c6fc       0x4e Drivers/BSP/Components/LSM6DSM_ACC_GYRO_driver_HL.o
 .text.LSM6DSM_X_Set_FS_Value
                0x0800c74a       0x70 Drivers/BSP/Components/LSM6DSM_ACC_GYRO_driver_HL.o
 *fill*         0x0800c7ba        0x2 
 .text.LSM6DSM_G_Init
                0x0800c7bc       0xa4 Drivers/BSP/Components/LSM6DSM_ACC_GYRO_driver_HL.o
 .text.LSM6DSM_G_DeInit
                0x0800c860       0x58 Drivers/BSP/Components/LSM6DSM_ACC_GYRO_driver_HL.o
 .text.LSM6DSM_G_Sensor_Enable
                0x0800c8b8       0x4a Drivers/BSP/Components/LSM6DSM_ACC_GYRO_driver_HL.o
 .text.LSM6DSM_G_Sensor_Disable
                0x0800c902       0x58 Drivers/BSP/Components/LSM6DSM_ACC_GYRO_driver_HL.o
 .text.LSM6DSM_G_Get_WhoAmI
                0x0800c95a       0x1c Drivers/BSP/Components/LSM6DSM_ACC_GYRO_driver_HL.o
 .text.LSM6DSM_G_Check_WhoAmI
                0x0800c976       0x18 Drivers/BSP/Components/LSM6DSM_ACC_GYRO_driver_HL.o
 .text.LSM6DSM_G_Get_Axes
                0x0800c98e       0xa6 Drivers/BSP/Components/LSM6DSM_ACC_GYRO_driver_HL.o
 .text.LSM6DSM_G_Get_AxesRaw
                0x0800ca34       0x42 Drivers/BSP/Components/LSM6DSM_ACC_GYRO_driver_HL.o
 *fill*         0x0800ca76        0x2 
 .text.LSM6DSM_G_Get_Sensitivity
                0x0800ca78       0xd0 Drivers/BSP/Components/LSM6DSM_ACC_GYRO_driver_HL.o
 .text.LSM6DSM_G_Get_ODR
                0x0800cb48       0xfc Drivers/BSP/Components/LSM6DSM_ACC_GYRO_driver_HL.o
 .text.LSM6DSM_G_Set_ODR
                0x0800cc44       0x46 Drivers/BSP/Components/LSM6DSM_ACC_GYRO_driver_HL.o
 .text.LSM6DSM_G_Set_ODR_Value
                0x0800cc8a       0x46 Drivers/BSP/Components/LSM6DSM_ACC_GYRO_driver_HL.o
 .text.LSM6DSM_G_Get_FS
                0x0800ccd0       0xd0 Drivers/BSP/Components/LSM6DSM_ACC_GYRO_driver_HL.o
 .text.LSM6DSM_G_Set_FS
                0x0800cda0       0x4e Drivers/BSP/Components/LSM6DSM_ACC_GYRO_driver_HL.o
 *fill*         0x0800cdee        0x2 
 .text.LSM6DSM_G_Set_FS_Value
                0x0800cdf0       0xb8 Drivers/BSP/Components/LSM6DSM_ACC_GYRO_driver_HL.o
 .text.LSM6DSM_Get_WhoAmI
                0x0800cea8       0x26 Drivers/BSP/Components/LSM6DSM_ACC_GYRO_driver_HL.o
 .text.LSM6DSM_Check_WhoAmI
                0x0800cece       0x3a Drivers/BSP/Components/LSM6DSM_ACC_GYRO_driver_HL.o
 .text.LSM6DSM_X_Get_Axes_Raw
                0x0800cf08       0x7a Drivers/BSP/Components/LSM6DSM_ACC_GYRO_driver_HL.o
 *fill*         0x0800cf82        0x2 
 .text.LSM6DSM_X_Set_ODR_When_Enabled
                0x0800cf84       0x6c Drivers/BSP/Components/LSM6DSM_ACC_GYRO_driver_HL.o
 .text.LSM6DSM_X_Set_ODR_When_Disabled
                0x0800cff0       0x84 Drivers/BSP/Components/LSM6DSM_ACC_GYRO_driver_HL.o
 .text.LSM6DSM_X_Set_ODR_Value_When_Enabled
                0x0800d074      0x110 Drivers/BSP/Components/LSM6DSM_ACC_GYRO_driver_HL.o
 .text.LSM6DSM_X_Set_ODR_Value_When_Disabled
                0x0800d184      0x138 Drivers/BSP/Components/LSM6DSM_ACC_GYRO_driver_HL.o
 .text.LSM6DSM_G_Get_Axes_Raw
                0x0800d2bc       0x7a Drivers/BSP/Components/LSM6DSM_ACC_GYRO_driver_HL.o
 *fill*         0x0800d336        0x2 
 .text.LSM6DSM_G_Set_ODR_When_Enabled
                0x0800d338       0x6c Drivers/BSP/Components/LSM6DSM_ACC_GYRO_driver_HL.o
 .text.LSM6DSM_G_Set_ODR_When_Disabled
                0x0800d3a4       0x84 Drivers/BSP/Components/LSM6DSM_ACC_GYRO_driver_HL.o
 .text.LSM6DSM_G_Set_ODR_Value_When_Enabled
                0x0800d428      0x110 Drivers/BSP/Components/LSM6DSM_ACC_GYRO_driver_HL.o
 .text.LSM6DSM_G_Set_ODR_Value_When_Disabled
                0x0800d538      0x138 Drivers/BSP/Components/LSM6DSM_ACC_GYRO_driver_HL.o
 .text.LSM6DSM_X_Enable_Free_Fall_Detection
                0x0800d670       0xbc Drivers/BSP/Components/LSM6DSM_ACC_GYRO_driver_HL.o
 .text.LSM6DSM_X_Disable_Free_Fall_Detection
                0x0800d72c       0x5a Drivers/BSP/Components/LSM6DSM_ACC_GYRO_driver_HL.o
 .text.LSM6DSM_X_Get_Free_Fall_Detection_Status
                0x0800d786       0x48 Drivers/BSP/Components/LSM6DSM_ACC_GYRO_driver_HL.o
 .text.LSM6DSM_X_Set_Free_Fall_Threshold
                0x0800d7ce       0x2a Drivers/BSP/Components/LSM6DSM_ACC_GYRO_driver_HL.o
 .text.LSM6DSM_X_Enable_Pedometer
                0x0800d7f8       0x80 Drivers/BSP/Components/LSM6DSM_ACC_GYRO_driver_HL.o
 .text.LSM6DSM_X_Disable_Pedometer
                0x0800d878       0x5a Drivers/BSP/Components/LSM6DSM_ACC_GYRO_driver_HL.o
 .text.LSM6DSM_X_Get_Pedometer_Status
                0x0800d8d2       0x48 Drivers/BSP/Components/LSM6DSM_ACC_GYRO_driver_HL.o
 .text.LSM6DSM_X_Get_Step_Count
                0x0800d91a       0x26 Drivers/BSP/Components/LSM6DSM_ACC_GYRO_driver_HL.o
 .text.LSM6DSM_X_Enable_Step_Counter_Reset
                0x0800d940       0x24 Drivers/BSP/Components/LSM6DSM_ACC_GYRO_driver_HL.o
 .text.LSM6DSM_X_Disable_Step_Counter_Reset
                0x0800d964       0x24 Drivers/BSP/Components/LSM6DSM_ACC_GYRO_driver_HL.o
 .text.LSM6DSM_X_Set_Pedometer_Threshold
                0x0800d988       0x2a Drivers/BSP/Components/LSM6DSM_ACC_GYRO_driver_HL.o
 .text.LSM6DSM_X_Enable_Tilt_Detection
                0x0800d9b2       0x6e Drivers/BSP/Components/LSM6DSM_ACC_GYRO_driver_HL.o
 .text.LSM6DSM_X_Disable_Tilt_Detection
                0x0800da20       0x48 Drivers/BSP/Components/LSM6DSM_ACC_GYRO_driver_HL.o
 .text.LSM6DSM_X_Get_Tilt_Detection_Status
                0x0800da68       0x48 Drivers/BSP/Components/LSM6DSM_ACC_GYRO_driver_HL.o
 .text.LSM6DSM_X_Enable_Wake_Up_Detection
                0x0800dab0       0x84 Drivers/BSP/Components/LSM6DSM_ACC_GYRO_driver_HL.o
 .text.LSM6DSM_X_Disable_Wake_Up_Detection
                0x0800db34       0x5a Drivers/BSP/Components/LSM6DSM_ACC_GYRO_driver_HL.o
 .text.LSM6DSM_X_Get_Wake_Up_Detection_Status
                0x0800db8e       0x48 Drivers/BSP/Components/LSM6DSM_ACC_GYRO_driver_HL.o
 .text.LSM6DSM_X_Set_Wake_Up_Threshold
                0x0800dbd6       0x2a Drivers/BSP/Components/LSM6DSM_ACC_GYRO_driver_HL.o
 .text.LSM6DSM_X_Enable_Single_Tap_Detection
                0x0800dc00       0xcc Drivers/BSP/Components/LSM6DSM_ACC_GYRO_driver_HL.o
 .text.LSM6DSM_X_Disable_Single_Tap_Detection
                0x0800dccc       0xa2 Drivers/BSP/Components/LSM6DSM_ACC_GYRO_driver_HL.o
 .text.LSM6DSM_X_Get_Single_Tap_Detection_Status
                0x0800dd6e       0x48 Drivers/BSP/Components/LSM6DSM_ACC_GYRO_driver_HL.o
 *fill*         0x0800ddb6        0x2 
 .text.LSM6DSM_X_Enable_Double_Tap_Detection
                0x0800ddb8       0xf0 Drivers/BSP/Components/LSM6DSM_ACC_GYRO_driver_HL.o
 .text.LSM6DSM_X_Disable_Double_Tap_Detection
                0x0800dea8       0xc6 Drivers/BSP/Components/LSM6DSM_ACC_GYRO_driver_HL.o
 .text.LSM6DSM_X_Get_Double_Tap_Detection_Status
                0x0800df6e       0x48 Drivers/BSP/Components/LSM6DSM_ACC_GYRO_driver_HL.o
 .text.LSM6DSM_X_Set_Tap_Threshold
                0x0800dfb6       0x2a Drivers/BSP/Components/LSM6DSM_ACC_GYRO_driver_HL.o
 .text.LSM6DSM_X_Set_Tap_Shock_Time
                0x0800dfe0       0x2a Drivers/BSP/Components/LSM6DSM_ACC_GYRO_driver_HL.o
 .text.LSM6DSM_X_Set_Tap_Quiet_Time
                0x0800e00a       0x2a Drivers/BSP/Components/LSM6DSM_ACC_GYRO_driver_HL.o
 .text.LSM6DSM_X_Set_Tap_Duration_Time
                0x0800e034       0x2a Drivers/BSP/Components/LSM6DSM_ACC_GYRO_driver_HL.o
 *fill*         0x0800e05e        0x2 
 .text.LSM6DSM_X_Enable_6D_Orientation
                0x0800e060       0x74 Drivers/BSP/Components/LSM6DSM_ACC_GYRO_driver_HL.o
 .text.LSM6DSM_X_Disable_6D_Orientation
                0x0800e0d4       0x48 Drivers/BSP/Components/LSM6DSM_ACC_GYRO_driver_HL.o
 .text.LSM6DSM_X_Get_6D_Orientation_Status
                0x0800e11c       0x48 Drivers/BSP/Components/LSM6DSM_ACC_GYRO_driver_HL.o
 .text.LSM6DSM_X_Get_6D_Orientation_XL
                0x0800e164       0x48 Drivers/BSP/Components/LSM6DSM_ACC_GYRO_driver_HL.o
 .text.LSM6DSM_X_Get_6D_Orientation_XH
                0x0800e1ac       0x48 Drivers/BSP/Components/LSM6DSM_ACC_GYRO_driver_HL.o
 .text.LSM6DSM_X_Get_6D_Orientation_YL
                0x0800e1f4       0x48 Drivers/BSP/Components/LSM6DSM_ACC_GYRO_driver_HL.o
 .text.LSM6DSM_X_Get_6D_Orientation_YH
                0x0800e23c       0x48 Drivers/BSP/Components/LSM6DSM_ACC_GYRO_driver_HL.o
 .text.LSM6DSM_X_Get_6D_Orientation_ZL
                0x0800e284       0x48 Drivers/BSP/Components/LSM6DSM_ACC_GYRO_driver_HL.o
 .text.LSM6DSM_X_Get_6D_Orientation_ZH
                0x0800e2cc       0x48 Drivers/BSP/Components/LSM6DSM_ACC_GYRO_driver_HL.o
 .text.LSM6DSM_X_Read_Reg
                0x0800e314       0x2e Drivers/BSP/Components/LSM6DSM_ACC_GYRO_driver_HL.o
 .text.LSM6DSM_X_Write_Reg
                0x0800e342       0x30 Drivers/BSP/Components/LSM6DSM_ACC_GYRO_driver_HL.o
 .text.LSM6DSM_X_Get_DRDY_Status
                0x0800e372       0x48 Drivers/BSP/Components/LSM6DSM_ACC_GYRO_driver_HL.o
 .text.LSM6DSM_G_Read_Reg
                0x0800e3ba       0x2e Drivers/BSP/Components/LSM6DSM_ACC_GYRO_driver_HL.o
 .text.LSM6DSM_G_Write_Reg
                0x0800e3e8       0x30 Drivers/BSP/Components/LSM6DSM_ACC_GYRO_driver_HL.o
 .text.LSM6DSM_G_Get_DRDY_Status
                0x0800e418       0x48 Drivers/BSP/Components/LSM6DSM_ACC_GYRO_driver_HL.o
 .text.STC3115_Init
                0x0800e460      0x254 Drivers/BSP/Components/STC3115_Driver.o
 .text.STC3115_DeInit
                0x0800e6b4       0x1c Drivers/BSP/Components/STC3115_Driver.o
 .text.STC3115_Get_WhoAmI
                0x0800e6d0       0x2a Drivers/BSP/Components/STC3115_Driver.o
 *fill*         0x0800e6fa        0x2 
 .text.STC3115_Task
                0x0800e6fc      0x2a8 Drivers/BSP/Components/STC3115_Driver.o
 .text.STC3115_Reset
                0x0800e9a4       0x52 Drivers/BSP/Components/STC3115_Driver.o
 .text.STC3115_Stop
                0x0800e9f6       0x4e Drivers/BSP/Components/STC3115_Driver.o
 .text.STC3115_GetSOC
                0x0800ea44       0x38 Drivers/BSP/Components/STC3115_Driver.o
 .text.STC3115_GetOCV
                0x0800ea7c       0x26 Drivers/BSP/Components/STC3115_Driver.o
 .text.STC3115_GetCurrent
                0x0800eaa2       0x24 Drivers/BSP/Components/STC3115_Driver.o
 .text.STC3115_GetTemperature
                0x0800eac6       0x24 Drivers/BSP/Components/STC3115_Driver.o
 .text.STC3115_GetVoltage
                0x0800eaea       0x26 Drivers/BSP/Components/STC3115_Driver.o
 .text.STC3115_GetChargeValue
                0x0800eb10       0x26 Drivers/BSP/Components/STC3115_Driver.o
 .text.STC3115_GetPresence
                0x0800eb36       0x26 Drivers/BSP/Components/STC3115_Driver.o
 .text.STC3115_GetAlarmStatus
                0x0800eb5c       0x2a Drivers/BSP/Components/STC3115_Driver.o
 .text.STC3115_Status
                0x0800eb86       0x52 Drivers/BSP/Components/STC3115_Driver.o
 .text.STC3115_CalcRamCRC8
                0x0800ebd8       0x6c Drivers/BSP/Components/STC3115_Driver.o
 .text.STC3115_UpdateRamCRC
                0x0800ec44       0x30 Drivers/BSP/Components/STC3115_Driver.o
 .text.STC3115_InitRamData
                0x0800ec74       0x5a Drivers/BSP/Components/STC3115_Driver.o
 .text.STC3115_WriteRamData
                0x0800ecce       0x2c Drivers/BSP/Components/STC3115_Driver.o
 .text.STC3115_ReadRamData
                0x0800ecfa       0x2c Drivers/BSP/Components/STC3115_Driver.o
 .text.STC3115_ReadBatteryData
                0x0800ed26      0x156 Drivers/BSP/Components/STC3115_Driver.o
 .text.STC3115_Restore
                0x0800ee7c       0x60 Drivers/BSP/Components/STC3115_Driver.o
 .text.STC3115_Powerdown
                0x0800eedc       0x42 Drivers/BSP/Components/STC3115_Driver.o
 .text.STC3115_conv
                0x0800ef1e       0x38 Drivers/BSP/Components/STC3115_Driver.o
 .text.STC3115_Startup
                0x0800ef56       0x48 Drivers/BSP/Components/STC3115_Driver.o
 .text.STC3115_Read
                0x0800ef9e       0x36 Drivers/BSP/Components/STC3115_Driver.o
 .text.STC3115_Write
                0x0800efd4       0x36 Drivers/BSP/Components/STC3115_Driver.o
 .text.STC3115_ReadWord
                0x0800f00a       0x3a Drivers/BSP/Components/STC3115_Driver.o
 .text.STC3115_WriteWord
                0x0800f044       0x38 Drivers/BSP/Components/STC3115_Driver.o
 .text.STC3115_SetParam
                0x0800f07c      0x128 Drivers/BSP/Components/STC3115_Driver.o
 .text.BSP_LED_Init
                0x0800f1a4       0xa0 Drivers/BSP/SensorTile/SensorTile.o
                0x0800f1a4                BSP_LED_Init
 .text.BSP_LED_On
                0x0800f244       0x5c Drivers/BSP/SensorTile/SensorTile.o
                0x0800f244                BSP_LED_On
 .text.BSP_LED_Off
                0x0800f2a0       0x5c Drivers/BSP/SensorTile/SensorTile.o
                0x0800f2a0                BSP_LED_Off
 .text.Sensor_IO_I2C_Init
                0x0800f2fc       0x18 Drivers/BSP/SensorTile/SensorTile.o
                0x0800f2fc                Sensor_IO_I2C_Init
 .text.Sensor_IO_SPI_Init
                0x0800f314      0x118 Drivers/BSP/SensorTile/SensorTile.o
                0x0800f314                Sensor_IO_SPI_Init
 .text.Sensor_IO_SPI_CS_Init_All
                0x0800f42c      0x124 Drivers/BSP/SensorTile/SensorTile.o
                0x0800f42c                Sensor_IO_SPI_CS_Init_All
 .text.Sensor_IO_SPI_CS_Init
                0x0800f550      0x12c Drivers/BSP/SensorTile/SensorTile.o
                0x0800f550                Sensor_IO_SPI_CS_Init
 .text.Sensor_IO_Write
                0x0800f67c       0x84 Drivers/BSP/SensorTile/SensorTile.o
                0x0800f67c                Sensor_IO_Write
 .text.Sensor_IO_I2C_Write
                0x0800f700       0x30 Drivers/BSP/SensorTile/SensorTile.o
                0x0800f700                Sensor_IO_I2C_Write
 .text.Sensor_IO_Read
                0x0800f730       0x84 Drivers/BSP/SensorTile/SensorTile.o
                0x0800f730                Sensor_IO_Read
 .text.Sensor_IO_I2C_Read
                0x0800f7b4       0x30 Drivers/BSP/SensorTile/SensorTile.o
                0x0800f7b4                Sensor_IO_I2C_Read
 .text.Sensor_IO_SPI_Write
                0x0800f7e4       0x60 Drivers/BSP/SensorTile/SensorTile.o
                0x0800f7e4                Sensor_IO_SPI_Write
 .text.Sensor_IO_SPI_Read
                0x0800f844       0x9c Drivers/BSP/SensorTile/SensorTile.o
                0x0800f844                Sensor_IO_SPI_Read
 .text.Sensor_IO_SPI_CS_Enable
                0x0800f8e0       0x74 Drivers/BSP/SensorTile/SensorTile.o
                0x0800f8e0                Sensor_IO_SPI_CS_Enable
 .text.Sensor_IO_SPI_CS_Disable
                0x0800f954       0x74 Drivers/BSP/SensorTile/SensorTile.o
                0x0800f954                Sensor_IO_SPI_CS_Disable
 .text.LSM6DSM_Sensor_IO_ITConfig
                0x0800f9c8       0x5c Drivers/BSP/SensorTile/SensorTile.o
                0x0800f9c8                LSM6DSM_Sensor_IO_ITConfig
 .text.SPI_Read
                0x0800fa24       0x70 Drivers/BSP/SensorTile/SensorTile.o
                0x0800fa24                SPI_Read
 .text.SPI_Read_nBytes
                0x0800fa94       0xa4 Drivers/BSP/SensorTile/SensorTile.o
                0x0800fa94                SPI_Read_nBytes
 .text.SPI_Write
                0x0800fb38       0x52 Drivers/BSP/SensorTile/SensorTile.o
                0x0800fb38                SPI_Write
 *fill*         0x0800fb8a        0x2 
 .text.I2C_SENSORTILE_Init
                0x0800fb8c       0x54 Drivers/BSP/SensorTile/SensorTile.o
 .text.I2C_SENSORTILE_WriteData
                0x0800fbe0       0x60 Drivers/BSP/SensorTile/SensorTile.o
 .text.I2C_SENSORTILE_ReadData
                0x0800fc40       0x60 Drivers/BSP/SensorTile/SensorTile.o
 .text.I2C_SENSORTILE_Error
                0x0800fca0       0x20 Drivers/BSP/SensorTile/SensorTile.o
 .text.I2C_SENSORTILE_MspInit
                0x0800fcc0       0xc0 Drivers/BSP/SensorTile/SensorTile.o
 .text.SD_IO_SPI_MspInit
                0x0800fd80       0xc0 Drivers/BSP/SensorTile/SensorTile.o
 .text.SD_IO_SPI_Init_LS
                0x0800fe40       0x78 Drivers/BSP/SensorTile/SensorTile.o
 .text.SD_IO_SPI_Init
                0x0800feb8       0x78 Drivers/BSP/SensorTile/SensorTile.o
 .text.SD_IO_SPI_Read
                0x0800ff30       0x48 Drivers/BSP/SensorTile/SensorTile.o
 .text.SD_IO_SPI_Write
                0x0800ff78       0x3c Drivers/BSP/SensorTile/SensorTile.o
 .text.SD_IO_SPI_Error
                0x0800ffb4       0x18 Drivers/BSP/SensorTile/SensorTile.o
 .text.SD_IO_Init
                0x0800ffcc       0x40 Drivers/BSP/SensorTile/SensorTile.o
                0x0800ffcc                SD_IO_Init
 .text.SD_IO_Init_LS
                0x0801000c       0x40 Drivers/BSP/SensorTile/SensorTile.o
                0x0801000c                SD_IO_Init_LS
 .text.SD_IO_CS_Init
                0x0801004c       0x4c Drivers/BSP/SensorTile/SensorTile.o
                0x0801004c                SD_IO_CS_Init
 .text.SD_IO_CS_DeInit
                0x08010098       0x30 Drivers/BSP/SensorTile/SensorTile.o
                0x08010098                SD_IO_CS_DeInit
 .text.SD_IO_WriteByte
                0x080100c8       0x1a Drivers/BSP/SensorTile/SensorTile.o
                0x080100c8                SD_IO_WriteByte
 .text.SD_IO_ReadByte
                0x080100e2       0x1c Drivers/BSP/SensorTile/SensorTile.o
                0x080100e2                SD_IO_ReadByte
 *fill*         0x080100fe        0x2 
 .text.SD_IO_WriteCmd_wResp
                0x08010100       0xa0 Drivers/BSP/SensorTile/SensorTile.o
                0x08010100                SD_IO_WriteCmd_wResp
 .text.SD_IO_WriteCmd
                0x080101a0       0x98 Drivers/BSP/SensorTile/SensorTile.o
                0x080101a0                SD_IO_WriteCmd
 .text.SD_IO_WaitResponse
                0x08010238       0x3e Drivers/BSP/SensorTile/SensorTile.o
                0x08010238                SD_IO_WaitResponse
 *fill*         0x08010276        0x2 
 .text.SD_IO_WriteDummy
                0x08010278       0x20 Drivers/BSP/SensorTile/SensorTile.o
                0x08010278                SD_IO_WriteDummy
 .text.BSP_ACCELERO_Init
                0x08010298       0x6e Drivers/BSP/SensorTile/SensorTile_accelero.o
                0x08010298                BSP_ACCELERO_Init
 *fill*         0x08010306        0x2 
 .text.BSP_LSM6DSM_ACCELERO_Init
                0x08010308      0x140 Drivers/BSP/SensorTile/SensorTile_accelero.o
 .text.BSP_LSM303AGR_ACCELERO_Init
                0x08010448      0x128 Drivers/BSP/SensorTile/SensorTile_accelero.o
 .text.BSP_ACCELERO_Sensor_Enable
                0x08010570       0x48 Drivers/BSP/SensorTile/SensorTile_accelero.o
                0x08010570                BSP_ACCELERO_Sensor_Enable
 .text.BSP_ACCELERO_IsInitialized
                0x080105b8       0x38 Drivers/BSP/SensorTile/SensorTile_accelero.o
                0x080105b8                BSP_ACCELERO_IsInitialized
 .text.BSP_ACCELERO_Get_Instance
                0x080105f0       0x38 Drivers/BSP/SensorTile/SensorTile_accelero.o
                0x080105f0                BSP_ACCELERO_Get_Instance
 .text.BSP_ACCELERO_Get_WhoAmI
                0x08010628       0x4c Drivers/BSP/SensorTile/SensorTile_accelero.o
                0x08010628                BSP_ACCELERO_Get_WhoAmI
 .text.BSP_ACCELERO_Get_Axes
                0x08010674       0x56 Drivers/BSP/SensorTile/SensorTile_accelero.o
                0x08010674                BSP_ACCELERO_Get_Axes
 .text.BSP_ACCELERO_Get_ODR
                0x080106ca       0x56 Drivers/BSP/SensorTile/SensorTile_accelero.o
                0x080106ca                BSP_ACCELERO_Get_ODR
 .text.BSP_ACCELERO_Set_ODR_Value
                0x08010720       0x50 Drivers/BSP/SensorTile/SensorTile_accelero.o
                0x08010720                BSP_ACCELERO_Set_ODR_Value
 .text.BSP_ACCELERO_Get_FS
                0x08010770       0x56 Drivers/BSP/SensorTile/SensorTile_accelero.o
                0x08010770                BSP_ACCELERO_Get_FS
 .text.BSP_ACCELERO_Enable_Double_Tap_Detection_Ext
                0x080107c6       0x52 Drivers/BSP/SensorTile/SensorTile_accelero.o
                0x080107c6                BSP_ACCELERO_Enable_Double_Tap_Detection_Ext
 .text.BSP_ACCELERO_Get_Double_Tap_Detection_Status_Ext
                0x08010818       0x60 Drivers/BSP/SensorTile/SensorTile_accelero.o
                0x08010818                BSP_ACCELERO_Get_Double_Tap_Detection_Status_Ext
 .text.BSP_ACCELERO_Set_Tap_Threshold_Ext
                0x08010878       0x5a Drivers/BSP/SensorTile/SensorTile_accelero.o
                0x08010878                BSP_ACCELERO_Set_Tap_Threshold_Ext
 *fill*         0x080108d2        0x2 
 .text.BSP_GG_Init
                0x080108d4       0xe8 Drivers/BSP/SensorTile/SensorTile_gg.o
                0x080108d4                BSP_GG_Init
 .text.BSP_GYRO_Init
                0x080109bc       0x4a Drivers/BSP/SensorTile/SensorTile_gyro.o
                0x080109bc                BSP_GYRO_Init
 *fill*         0x08010a06        0x2 
 .text.BSP_LSM6DSM_GYRO_Init
                0x08010a08      0x138 Drivers/BSP/SensorTile/SensorTile_gyro.o
 .text.BSP_GYRO_Sensor_Enable
                0x08010b40       0x48 Drivers/BSP/SensorTile/SensorTile_gyro.o
                0x08010b40                BSP_GYRO_Sensor_Enable
 .text.BSP_HUMIDITY_Init
                0x08010b88       0x4a Drivers/BSP/SensorTile/SensorTile_humidity.o
                0x08010b88                BSP_HUMIDITY_Init
 *fill*         0x08010bd2        0x2 
 .text.BSP_HTS221_HUMIDITY_Init
                0x08010bd4       0xec Drivers/BSP/SensorTile/SensorTile_humidity.o
 .text.BSP_HUMIDITY_Sensor_Enable
                0x08010cc0       0x48 Drivers/BSP/SensorTile/SensorTile_humidity.o
                0x08010cc0                BSP_HUMIDITY_Sensor_Enable
 .text.BSP_MAGNETO_Init
                0x08010d08       0x4a Drivers/BSP/SensorTile/SensorTile_magneto.o
                0x08010d08                BSP_MAGNETO_Init
 *fill*         0x08010d52        0x2 
 .text.BSP_LSM303AGR_MAGNETO_Init
                0x08010d54      0x138 Drivers/BSP/SensorTile/SensorTile_magneto.o
 .text.BSP_MAGNETO_Sensor_Enable
                0x08010e8c       0x48 Drivers/BSP/SensorTile/SensorTile_magneto.o
                0x08010e8c                BSP_MAGNETO_Sensor_Enable
 .text.BSP_PRESSURE_Init
                0x08010ed4       0x4a Drivers/BSP/SensorTile/SensorTile_pressure.o
                0x08010ed4                BSP_PRESSURE_Init
 *fill*         0x08010f1e        0x2 
 .text.BSP_LPS22HB_PRESSURE_Init
                0x08010f20      0x170 Drivers/BSP/SensorTile/SensorTile_pressure.o
 .text.BSP_PRESSURE_Sensor_Enable
                0x08011090       0x48 Drivers/BSP/SensorTile/SensorTile_pressure.o
                0x08011090                BSP_PRESSURE_Sensor_Enable
 .text.BSP_SD_Init
                0x080110d8       0x44 Drivers/BSP/SensorTile/SensorTile_sd.o
                0x080110d8                BSP_SD_Init
 .text.BSP_SD_GetCardInfo
                0x0801111c       0x70 Drivers/BSP/SensorTile/SensorTile_sd.o
                0x0801111c                BSP_SD_GetCardInfo
 .text.BSP_SD_ReadBlocks
                0x0801118c       0xe8 Drivers/BSP/SensorTile/SensorTile_sd.o
                0x0801118c                BSP_SD_ReadBlocks
 .text.BSP_SD_WriteBlocks
                0x08011274       0xec Drivers/BSP/SensorTile/SensorTile_sd.o
                0x08011274                BSP_SD_WriteBlocks
 .text.SD_GetCSDRegister
                0x08011360      0x2d0 Drivers/BSP/SensorTile/SensorTile_sd.o
 .text.SD_GetCIDRegister
                0x08011630      0x152 Drivers/BSP/SensorTile/SensorTile_sd.o
 .text.SD_SendCmd_wResp
                0x08011782       0x26 Drivers/BSP/SensorTile/SensorTile_sd.o
 .text.SD_SendCmd
                0x080117a8       0x40 Drivers/BSP/SensorTile/SensorTile_sd.o
 .text.SD_GetDataResponse
                0x080117e8       0x6a Drivers/BSP/SensorTile/SensorTile_sd.o
 .text.BSP_SD_GetStatus
                0x08011852       0x10 Drivers/BSP/SensorTile/SensorTile_sd.o
                0x08011852                BSP_SD_GetStatus
 *fill*         0x08011862        0x2 
 .text.SD_GoIdleState
                0x08011864      0x10c Drivers/BSP/SensorTile/SensorTile_sd.o
 .text.BSP_TEMPERATURE_Init
                0x08011970       0x6e Drivers/BSP/SensorTile/SensorTile_temperature.o
                0x08011970                BSP_TEMPERATURE_Init
 *fill*         0x080119de        0x2 
 .text.BSP_LPS22HB_TEMPERATURE_Init
                0x080119e0      0x158 Drivers/BSP/SensorTile/SensorTile_temperature.o
 .text.BSP_HTS221_TEMPERATURE_Init
                0x08011b38       0xf4 Drivers/BSP/SensorTile/SensorTile_temperature.o
 .text.BSP_TEMPERATURE_Sensor_Enable
                0x08011c2c       0x48 Drivers/BSP/SensorTile/SensorTile_temperature.o
                0x08011c2c                BSP_TEMPERATURE_Sensor_Enable
 .text.SystemInit
                0x08011c74       0x6c Drivers/CMSIS/system_stm32l4xx.o
                0x08011c74                SystemInit
 .text.HAL_Init
                0x08011ce0       0x2c Drivers/STM32L4xx_HAL_Driver/stm32l4xx_hal.o
                0x08011ce0                HAL_Init
 .text.HAL_MspInit
                0x08011d0c        0xe Drivers/STM32L4xx_HAL_Driver/stm32l4xx_hal.o
                0x08011d0c                HAL_MspInit
 *fill*         0x08011d1a        0x2 
 .text.HAL_InitTick
                0x08011d1c       0x38 Drivers/STM32L4xx_HAL_Driver/stm32l4xx_hal.o
                0x08011d1c                HAL_InitTick
 .text.HAL_IncTick
                0x08011d54       0x1c Drivers/STM32L4xx_HAL_Driver/stm32l4xx_hal.o
                0x08011d54                HAL_IncTick
 .text.HAL_GetTick
                0x08011d70       0x18 Drivers/STM32L4xx_HAL_Driver/stm32l4xx_hal.o
                0x08011d70                HAL_GetTick
 .text.HAL_Delay
                0x08011d88       0x2c Drivers/STM32L4xx_HAL_Driver/stm32l4xx_hal.o
                0x08011d88                HAL_Delay
 .text.NVIC_SetPriorityGrouping